2026-01-23 20:50:53 [   DEBUG] mcp.server.lowlevel.server: Initializing server 'Test Activity Management'
2026-01-23 20:50:53 [   DEBUG] mcp.server.lowlevel.server: Registering handler for ListToolsRequest
2026-01-23 20:50:53 [   DEBUG] mcp.server.lowlevel.server: Registering handler for CallToolRequest
2026-01-23 20:50:53 [   DEBUG] mcp.server.lowlevel.server: Registering handler for ListResourcesRequest
2026-01-23 20:50:53 [   DEBUG] mcp.server.lowlevel.server: Registering handler for ReadResourceRequest
2026-01-23 20:50:53 [   DEBUG] mcp.server.lowlevel.server: Registering handler for PromptListRequest
2026-01-23 20:50:53 [   DEBUG] mcp.server.lowlevel.server: Registering handler for GetPromptRequest
2026-01-23 20:50:53 [   DEBUG] mcp.server.lowlevel.server: Registering handler for ListResourceTemplatesRequest
2026-01-23 20:50:53 [   DEBUG] asyncio: Using selector: EpollSelector
2026-01-23 20:50:53 [   DEBUG] asyncio: Using selector: EpollSelector
2026-01-23 20:50:53 [   DEBUG] mcp.server.lowlevel.server: Initializing server 'Test Activity Management'
2026-01-23 20:50:53 [   DEBUG] mcp.server.lowlevel.server: Registering handler for ListToolsRequest
2026-01-23 20:50:53 [   DEBUG] mcp.server.lowlevel.server: Registering handler for CallToolRequest
2026-01-23 20:50:53 [   DEBUG] mcp.server.lowlevel.server: Registering handler for ListResourcesRequest
2026-01-23 20:50:53 [   DEBUG] mcp.server.lowlevel.server: Registering handler for ReadResourceRequest
2026-01-23 20:50:53 [   DEBUG] mcp.server.lowlevel.server: Registering handler for PromptListRequest
2026-01-23 20:50:53 [   DEBUG] mcp.server.lowlevel.server: Registering handler for GetPromptRequest
2026-01-23 20:50:53 [   DEBUG] mcp.server.lowlevel.server: Registering handler for ListResourceTemplatesRequest
2026-01-23 20:50:53 [   DEBUG] asyncio: Using selector: EpollSelector
2026-01-23 20:50:53 [   DEBUG] mcp.server.lowlevel.server: Initializing server 'Test Activity Management'
2026-01-23 20:50:53 [   DEBUG] mcp.server.lowlevel.server: Registering handler for ListToolsRequest
2026-01-23 20:50:53 [   DEBUG] mcp.server.lowlevel.server: Registering handler for CallToolRequest
2026-01-23 20:50:54 [   DEBUG] mcp.server.lowlevel.server: Registering handler for ListResourcesRequest
2026-01-23 20:50:54 [   DEBUG] mcp.server.lowlevel.server: Registering handler for ReadResourceRequest
2026-01-23 20:50:54 [   DEBUG] mcp.server.lowlevel.server: Registering handler for PromptListRequest
2026-01-23 20:50:54 [   DEBUG] mcp.server.lowlevel.server: Registering handler for GetPromptRequest
2026-01-23 20:50:54 [   DEBUG] mcp.server.lowlevel.server: Registering handler for ListResourceTemplatesRequest
2026-01-23 20:50:54 [   DEBUG] asyncio: Using selector: EpollSelector
2026-01-23 20:50:54 [   DEBUG] mcp.server.lowlevel.server: Initializing server 'Test Activity Management'
2026-01-23 20:50:54 [   DEBUG] mcp.server.lowlevel.server: Registering handler for ListToolsRequest
2026-01-23 20:50:54 [   DEBUG] mcp.server.lowlevel.server: Registering handler for CallToolRequest
2026-01-23 20:50:54 [   DEBUG] mcp.server.lowlevel.server: Registering handler for ListResourcesRequest
2026-01-23 20:50:54 [   DEBUG] mcp.server.lowlevel.server: Registering handler for ReadResourceRequest
2026-01-23 20:50:54 [   DEBUG] mcp.server.lowlevel.server: Registering handler for PromptListRequest
2026-01-23 20:50:54 [   DEBUG] mcp.server.lowlevel.server: Registering handler for GetPromptRequest
2026-01-23 20:50:54 [   DEBUG] mcp.server.lowlevel.server: Registering handler for ListResourceTemplatesRequest
2026-01-23 20:50:54 [   DEBUG] asyncio: Using selector: EpollSelector
2026-01-23 20:50:54 [   DEBUG] mcp.server.lowlevel.server: Initializing server 'Test Activity Management'
2026-01-23 20:50:54 [   DEBUG] mcp.server.lowlevel.server: Registering handler for ListToolsRequest
2026-01-23 20:50:54 [   DEBUG] mcp.server.lowlevel.server: Registering handler for CallToolRequest
2026-01-23 20:50:54 [   DEBUG] mcp.server.lowlevel.server: Registering handler for ListResourcesRequest
2026-01-23 20:50:54 [   DEBUG] mcp.server.lowlevel.server: Registering handler for ReadResourceRequest
2026-01-23 20:50:54 [   DEBUG] mcp.server.lowlevel.server: Registering handler for PromptListRequest
2026-01-23 20:50:54 [   DEBUG] mcp.server.lowlevel.server: Registering handler for GetPromptRequest
2026-01-23 20:50:54 [   DEBUG] mcp.server.lowlevel.server: Registering handler for ListResourceTemplatesRequest
2026-01-23 20:50:54 [   DEBUG] asyncio: Using selector: EpollSelector
2026-01-23 20:50:54 [   DEBUG] mcp.server.lowlevel.server: Initializing server 'Test Activity Management'
2026-01-23 20:50:54 [   DEBUG] mcp.server.lowlevel.server: Registering handler for ListToolsRequest
2026-01-23 20:50:54 [   DEBUG] mcp.server.lowlevel.server: Registering handler for CallToolRequest
2026-01-23 20:50:54 [   DEBUG] mcp.server.lowlevel.server: Registering handler for ListResourcesRequest
2026-01-23 20:50:54 [   DEBUG] mcp.server.lowlevel.server: Registering handler for ReadResourceRequest
2026-01-23 20:50:54 [   DEBUG] mcp.server.lowlevel.server: Registering handler for PromptListRequest
2026-01-23 20:50:54 [   DEBUG] mcp.server.lowlevel.server: Registering handler for GetPromptRequest
2026-01-23 20:50:54 [   DEBUG] mcp.server.lowlevel.server: Registering handler for ListResourceTemplatesRequest
2026-01-23 20:50:54 [   DEBUG] asyncio: Using selector: EpollSelector
2026-01-23 20:50:54 [   DEBUG] mcp.server.lowlevel.server: Initializing server 'Test Activity Management'
2026-01-23 20:50:54 [   DEBUG] mcp.server.lowlevel.server: Registering handler for ListToolsRequest
2026-01-23 20:50:54 [   DEBUG] mcp.server.lowlevel.server: Registering handler for CallToolRequest
2026-01-23 20:50:54 [   DEBUG] mcp.server.lowlevel.server: Registering handler for ListResourcesRequest
2026-01-23 20:50:54 [   DEBUG] mcp.server.lowlevel.server: Registering handler for ReadResourceRequest
2026-01-23 20:50:54 [   DEBUG] mcp.server.lowlevel.server: Registering handler for PromptListRequest
2026-01-23 20:50:54 [   DEBUG] mcp.server.lowlevel.server: Registering handler for GetPromptRequest
2026-01-23 20:50:54 [   DEBUG] mcp.server.lowlevel.server: Registering handler for ListResourceTemplatesRequest
2026-01-23 20:50:54 [   DEBUG] asyncio: Using selector: EpollSelector
2026-01-23 20:50:54 [   DEBUG] mcp.server.lowlevel.server: Initializing server 'Test Activity Management'
2026-01-23 20:50:54 [   DEBUG] mcp.server.lowlevel.server: Registering handler for ListToolsRequest
2026-01-23 20:50:54 [   DEBUG] mcp.server.lowlevel.server: Registering handler for CallToolRequest
2026-01-23 20:50:54 [   DEBUG] mcp.server.lowlevel.server: Registering handler for ListResourcesRequest
2026-01-23 20:50:54 [   DEBUG] mcp.server.lowlevel.server: Registering handler for ReadResourceRequest
2026-01-23 20:50:54 [   DEBUG] mcp.server.lowlevel.server: Registering handler for PromptListRequest
2026-01-23 20:50:54 [   DEBUG] mcp.server.lowlevel.server: Registering handler for GetPromptRequest
2026-01-23 20:50:54 [   DEBUG] mcp.server.lowlevel.server: Registering handler for ListResourceTemplatesRequest
2026-01-23 20:50:54 [   DEBUG] asyncio: Using selector: EpollSelector
2026-01-23 20:50:54 [   DEBUG] mcp.server.lowlevel.server: Initializing server 'Test Activity Management'
2026-01-23 20:50:54 [   DEBUG] mcp.server.lowlevel.server: Registering handler for ListToolsRequest
2026-01-23 20:50:54 [   DEBUG] mcp.server.lowlevel.server: Registering handler for CallToolRequest
2026-01-23 20:50:54 [   DEBUG] mcp.server.lowlevel.server: Registering handler for ListResourcesRequest
2026-01-23 20:50:54 [   DEBUG] mcp.server.lowlevel.server: Registering handler for ReadResourceRequest
2026-01-23 20:50:54 [   DEBUG] mcp.server.lowlevel.server: Registering handler for PromptListRequest
2026-01-23 20:50:54 [   DEBUG] mcp.server.lowlevel.server: Registering handler for GetPromptRequest
2026-01-23 20:50:54 [   DEBUG] mcp.server.lowlevel.server: Registering handler for ListResourceTemplatesRequest
2026-01-23 20:50:54 [   DEBUG] asyncio: Using selector: EpollSelector
2026-01-23 20:50:54 [   DEBUG] mcp.server.lowlevel.server: Initializing server 'Test Activity Management'
2026-01-23 20:50:54 [   DEBUG] mcp.server.lowlevel.server: Registering handler for ListToolsRequest
2026-01-23 20:50:54 [   DEBUG] mcp.server.lowlevel.server: Registering handler for CallToolRequest
2026-01-23 20:50:54 [   DEBUG] mcp.server.lowlevel.server: Registering handler for ListResourcesRequest
2026-01-23 20:50:54 [   DEBUG] mcp.server.lowlevel.server: Registering handler for ReadResourceRequest
2026-01-23 20:50:54 [   DEBUG] mcp.server.lowlevel.server: Registering handler for PromptListRequest
2026-01-23 20:50:54 [   DEBUG] mcp.server.lowlevel.server: Registering handler for GetPromptRequest
2026-01-23 20:50:54 [   DEBUG] mcp.server.lowlevel.server: Registering handler for ListResourceTemplatesRequest
2026-01-23 20:50:54 [   DEBUG] asyncio: Using selector: EpollSelector
2026-01-23 20:50:54 [   DEBUG] mcp.server.lowlevel.server: Initializing server 'Test Activity Management'
2026-01-23 20:50:54 [   DEBUG] mcp.server.lowlevel.server: Registering handler for ListToolsRequest
2026-01-23 20:50:54 [   DEBUG] mcp.server.lowlevel.server: Registering handler for CallToolRequest
2026-01-23 20:50:54 [   DEBUG] mcp.server.lowlevel.server: Registering handler for ListResourcesRequest
2026-01-23 20:50:54 [   DEBUG] mcp.server.lowlevel.server: Registering handler for ReadResourceRequest
2026-01-23 20:50:54 [   DEBUG] mcp.server.lowlevel.server: Registering handler for PromptListRequest
2026-01-23 20:50:54 [   DEBUG] mcp.server.lowlevel.server: Registering handler for GetPromptRequest
2026-01-23 20:50:54 [   DEBUG] mcp.server.lowlevel.server: Registering handler for ListResourceTemplatesRequest
2026-01-23 20:50:54 [   DEBUG] asyncio: Using selector: EpollSelector
2026-01-23 20:50:54 [   DEBUG] mcp.server.lowlevel.server: Initializing server 'Test Activity Management'
2026-01-23 20:50:54 [   DEBUG] mcp.server.lowlevel.server: Registering handler for ListToolsRequest
2026-01-23 20:50:54 [   DEBUG] mcp.server.lowlevel.server: Registering handler for CallToolRequest
2026-01-23 20:50:54 [   DEBUG] mcp.server.lowlevel.server: Registering handler for ListResourcesRequest
2026-01-23 20:50:54 [   DEBUG] mcp.server.lowlevel.server: Registering handler for ReadResourceRequest
2026-01-23 20:50:54 [   DEBUG] mcp.server.lowlevel.server: Registering handler for PromptListRequest
2026-01-23 20:50:54 [   DEBUG] mcp.server.lowlevel.server: Registering handler for GetPromptRequest
2026-01-23 20:50:54 [   DEBUG] mcp.server.lowlevel.server: Registering handler for ListResourceTemplatesRequest
2026-01-23 20:50:54 [   DEBUG] asyncio: Using selector: EpollSelector
2026-01-23 20:50:54 [   DEBUG] mcp.server.lowlevel.server: Initializing server 'Test Activity Management'
2026-01-23 20:50:54 [   DEBUG] mcp.server.lowlevel.server: Registering handler for ListToolsRequest
2026-01-23 20:50:54 [   DEBUG] mcp.server.lowlevel.server: Registering handler for CallToolRequest
2026-01-23 20:50:54 [   DEBUG] mcp.server.lowlevel.server: Registering handler for ListResourcesRequest
2026-01-23 20:50:54 [   DEBUG] mcp.server.lowlevel.server: Registering handler for ReadResourceRequest
2026-01-23 20:50:54 [   DEBUG] mcp.server.lowlevel.server: Registering handler for PromptListRequest
2026-01-23 20:50:54 [   DEBUG] mcp.server.lowlevel.server: Registering handler for GetPromptRequest
2026-01-23 20:50:54 [   DEBUG] mcp.server.lowlevel.server: Registering handler for ListResourceTemplatesRequest
2026-01-23 20:50:54 [   DEBUG] asyncio: Using selector: EpollSelector
2026-01-23 20:50:54 [   DEBUG] mcp.server.lowlevel.server: Initializing server 'Test Activity Management'
2026-01-23 20:50:54 [   DEBUG] mcp.server.lowlevel.server: Registering handler for ListToolsRequest
2026-01-23 20:50:54 [   DEBUG] mcp.server.lowlevel.server: Registering handler for CallToolRequest
2026-01-23 20:50:54 [   DEBUG] mcp.server.lowlevel.server: Registering handler for ListResourcesRequest
2026-01-23 20:50:54 [   DEBUG] mcp.server.lowlevel.server: Registering handler for ReadResourceRequest
2026-01-23 20:50:54 [   DEBUG] mcp.server.lowlevel.server: Registering handler for PromptListRequest
2026-01-23 20:50:54 [   DEBUG] mcp.server.lowlevel.server: Registering handler for GetPromptRequest
2026-01-23 20:50:54 [   DEBUG] mcp.server.lowlevel.server: Registering handler for ListResourceTemplatesRequest
2026-01-23 20:50:54 [   DEBUG] asyncio: Using selector: EpollSelector
2026-01-23 20:50:54 [   DEBUG] mcp.server.lowlevel.server: Initializing server 'Test Challenges'
2026-01-23 20:50:54 [   DEBUG] mcp.server.lowlevel.server: Registering handler for ListToolsRequest
2026-01-23 20:50:54 [   DEBUG] mcp.server.lowlevel.server: Registering handler for CallToolRequest
2026-01-23 20:50:54 [   DEBUG] mcp.server.lowlevel.server: Registering handler for ListResourcesRequest
2026-01-23 20:50:54 [   DEBUG] mcp.server.lowlevel.server: Registering handler for ReadResourceRequest
2026-01-23 20:50:54 [   DEBUG] mcp.server.lowlevel.server: Registering handler for PromptListRequest
2026-01-23 20:50:54 [   DEBUG] mcp.server.lowlevel.server: Registering handler for GetPromptRequest
2026-01-23 20:50:54 [   DEBUG] mcp.server.lowlevel.server: Registering handler for ListResourceTemplatesRequest
2026-01-23 20:50:54 [   DEBUG] asyncio: Using selector: EpollSelector
2026-01-23 20:50:54 [   DEBUG] mcp.server.lowlevel.server: Initializing server 'Test Challenges'
2026-01-23 20:50:54 [   DEBUG] mcp.server.lowlevel.server: Registering handler for ListToolsRequest
2026-01-23 20:50:54 [   DEBUG] mcp.server.lowlevel.server: Registering handler for CallToolRequest
2026-01-23 20:50:54 [   DEBUG] mcp.server.lowlevel.server: Registering handler for ListResourcesRequest
2026-01-23 20:50:54 [   DEBUG] mcp.server.lowlevel.server: Registering handler for ReadResourceRequest
2026-01-23 20:50:54 [   DEBUG] mcp.server.lowlevel.server: Registering handler for PromptListRequest
2026-01-23 20:50:54 [   DEBUG] mcp.server.lowlevel.server: Registering handler for GetPromptRequest
2026-01-23 20:50:54 [   DEBUG] mcp.server.lowlevel.server: Registering handler for ListResourceTemplatesRequest
2026-01-23 20:50:54 [   DEBUG] asyncio: Using selector: EpollSelector
2026-01-23 20:50:54 [   DEBUG] mcp.server.lowlevel.server: Initializing server 'Test Challenges'
2026-01-23 20:50:54 [   DEBUG] mcp.server.lowlevel.server: Registering handler for ListToolsRequest
2026-01-23 20:50:54 [   DEBUG] mcp.server.lowlevel.server: Registering handler for CallToolRequest
2026-01-23 20:50:54 [   DEBUG] mcp.server.lowlevel.server: Registering handler for ListResourcesRequest
2026-01-23 20:50:54 [   DEBUG] mcp.server.lowlevel.server: Registering handler for ReadResourceRequest
2026-01-23 20:50:54 [   DEBUG] mcp.server.lowlevel.server: Registering handler for PromptListRequest
2026-01-23 20:50:54 [   DEBUG] mcp.server.lowlevel.server: Registering handler for GetPromptRequest
2026-01-23 20:50:54 [   DEBUG] mcp.server.lowlevel.server: Registering handler for ListResourceTemplatesRequest
2026-01-23 20:50:54 [   DEBUG] asyncio: Using selector: EpollSelector
2026-01-23 20:50:54 [   DEBUG] mcp.server.lowlevel.server: Initializing server 'Test Challenges'
2026-01-23 20:50:54 [   DEBUG] mcp.server.lowlevel.server: Registering handler for ListToolsRequest
2026-01-23 20:50:54 [   DEBUG] mcp.server.lowlevel.server: Registering handler for CallToolRequest
2026-01-23 20:50:54 [   DEBUG] mcp.server.lowlevel.server: Registering handler for ListResourcesRequest
2026-01-23 20:50:54 [   DEBUG] mcp.server.lowlevel.server: Registering handler for ReadResourceRequest
2026-01-23 20:50:54 [   DEBUG] mcp.server.lowlevel.server: Registering handler for PromptListRequest
2026-01-23 20:50:54 [   DEBUG] mcp.server.lowlevel.server: Registering handler for GetPromptRequest
2026-01-23 20:50:54 [   DEBUG] mcp.server.lowlevel.server: Registering handler for ListResourceTemplatesRequest
2026-01-23 20:50:54 [   DEBUG] asyncio: Using selector: EpollSelector
2026-01-23 20:50:54 [   DEBUG] mcp.server.lowlevel.server: Initializing server 'Test Challenges'
2026-01-23 20:50:54 [   DEBUG] mcp.server.lowlevel.server: Registering handler for ListToolsRequest
2026-01-23 20:50:54 [   DEBUG] mcp.server.lowlevel.server: Registering handler for CallToolRequest
2026-01-23 20:50:54 [   DEBUG] mcp.server.lowlevel.server: Registering handler for ListResourcesRequest
2026-01-23 20:50:54 [   DEBUG] mcp.server.lowlevel.server: Registering handler for ReadResourceRequest
2026-01-23 20:50:54 [   DEBUG] mcp.server.lowlevel.server: Registering handler for PromptListRequest
2026-01-23 20:50:54 [   DEBUG] mcp.server.lowlevel.server: Registering handler for GetPromptRequest
2026-01-23 20:50:54 [   DEBUG] mcp.server.lowlevel.server: Registering handler for ListResourceTemplatesRequest
2026-01-23 20:50:54 [   DEBUG] asyncio: Using selector: EpollSelector
2026-01-23 20:50:54 [   DEBUG] mcp.server.lowlevel.server: Initializing server 'Test Challenges'
2026-01-23 20:50:54 [   DEBUG] mcp.server.lowlevel.server: Registering handler for ListToolsRequest
2026-01-23 20:50:54 [   DEBUG] mcp.server.lowlevel.server: Registering handler for CallToolRequest
2026-01-23 20:50:54 [   DEBUG] mcp.server.lowlevel.server: Registering handler for ListResourcesRequest
2026-01-23 20:50:54 [   DEBUG] mcp.server.lowlevel.server: Registering handler for ReadResourceRequest
2026-01-23 20:50:54 [   DEBUG] mcp.server.lowlevel.server: Registering handler for PromptListRequest
2026-01-23 20:50:54 [   DEBUG] mcp.server.lowlevel.server: Registering handler for GetPromptRequest
2026-01-23 20:50:54 [   DEBUG] mcp.server.lowlevel.server: Registering handler for ListResourceTemplatesRequest
2026-01-23 20:50:54 [   DEBUG] asyncio: Using selector: EpollSelector
2026-01-23 20:50:54 [   DEBUG] mcp.server.lowlevel.server: Initializing server 'Test Challenges'
2026-01-23 20:50:54 [   DEBUG] mcp.server.lowlevel.server: Registering handler for ListToolsRequest
2026-01-23 20:50:54 [   DEBUG] mcp.server.lowlevel.server: Registering handler for CallToolRequest
2026-01-23 20:50:54 [   DEBUG] mcp.server.lowlevel.server: Registering handler for ListResourcesRequest
2026-01-23 20:50:54 [   DEBUG] mcp.server.lowlevel.server: Registering handler for ReadResourceRequest
2026-01-23 20:50:54 [   DEBUG] mcp.server.lowlevel.server: Registering handler for PromptListRequest
2026-01-23 20:50:54 [   DEBUG] mcp.server.lowlevel.server: Registering handler for GetPromptRequest
2026-01-23 20:50:54 [   DEBUG] mcp.server.lowlevel.server: Registering handler for ListResourceTemplatesRequest
2026-01-23 20:50:54 [   DEBUG] asyncio: Using selector: EpollSelector
2026-01-23 20:50:54 [   DEBUG] mcp.server.lowlevel.server: Initializing server 'Test Challenges'
2026-01-23 20:50:54 [   DEBUG] mcp.server.lowlevel.server: Registering handler for ListToolsRequest
2026-01-23 20:50:54 [   DEBUG] mcp.server.lowlevel.server: Registering handler for CallToolRequest
2026-01-23 20:50:54 [   DEBUG] mcp.server.lowlevel.server: Registering handler for ListResourcesRequest
2026-01-23 20:50:54 [   DEBUG] mcp.server.lowlevel.server: Registering handler for ReadResourceRequest
2026-01-23 20:50:54 [   DEBUG] mcp.server.lowlevel.server: Registering handler for PromptListRequest
2026-01-23 20:50:54 [   DEBUG] mcp.server.lowlevel.server: Registering handler for GetPromptRequest
2026-01-23 20:50:54 [   DEBUG] mcp.server.lowlevel.server: Registering handler for ListResourceTemplatesRequest
2026-01-23 20:50:54 [   DEBUG] asyncio: Using selector: EpollSelector
2026-01-23 20:50:54 [   DEBUG] mcp.server.lowlevel.server: Initializing server 'Test Challenges'
2026-01-23 20:50:54 [   DEBUG] mcp.server.lowlevel.server: Registering handler for ListToolsRequest
2026-01-23 20:50:54 [   DEBUG] mcp.server.lowlevel.server: Registering handler for CallToolRequest
2026-01-23 20:50:54 [   DEBUG] mcp.server.lowlevel.server: Registering handler for ListResourcesRequest
2026-01-23 20:50:54 [   DEBUG] mcp.server.lowlevel.server: Registering handler for ReadResourceRequest
2026-01-23 20:50:54 [   DEBUG] mcp.server.lowlevel.server: Registering handler for PromptListRequest
2026-01-23 20:50:54 [   DEBUG] mcp.server.lowlevel.server: Registering handler for GetPromptRequest
2026-01-23 20:50:54 [   DEBUG] mcp.server.lowlevel.server: Registering handler for ListResourceTemplatesRequest
2026-01-23 20:50:54 [   DEBUG] asyncio: Using selector: EpollSelector
2026-01-23 20:50:54 [   DEBUG] mcp.server.lowlevel.server: Initializing server 'Test Challenges'
2026-01-23 20:50:54 [   DEBUG] mcp.server.lowlevel.server: Registering handler for ListToolsRequest
2026-01-23 20:50:54 [   DEBUG] mcp.server.lowlevel.server: Registering handler for CallToolRequest
2026-01-23 20:50:54 [   DEBUG] mcp.server.lowlevel.server: Registering handler for ListResourcesRequest
2026-01-23 20:50:54 [   DEBUG] mcp.server.lowlevel.server: Registering handler for ReadResourceRequest
2026-01-23 20:50:54 [   DEBUG] mcp.server.lowlevel.server: Registering handler for PromptListRequest
2026-01-23 20:50:54 [   DEBUG] mcp.server.lowlevel.server: Registering handler for GetPromptRequest
2026-01-23 20:50:54 [   DEBUG] mcp.server.lowlevel.server: Registering handler for ListResourceTemplatesRequest
2026-01-23 20:50:54 [   DEBUG] asyncio: Using selector: EpollSelector
2026-01-23 20:50:54 [   DEBUG] mcp.server.lowlevel.server: Initializing server 'Test Challenges'
2026-01-23 20:50:54 [   DEBUG] mcp.server.lowlevel.server: Registering handler for ListToolsRequest
2026-01-23 20:50:54 [   DEBUG] mcp.server.lowlevel.server: Registering handler for CallToolRequest
2026-01-23 20:50:54 [   DEBUG] mcp.server.lowlevel.server: Registering handler for ListResourcesRequest
2026-01-23 20:50:54 [   DEBUG] mcp.server.lowlevel.server: Registering handler for ReadResourceRequest
2026-01-23 20:50:54 [   DEBUG] mcp.server.lowlevel.server: Registering handler for PromptListRequest
2026-01-23 20:50:54 [   DEBUG] mcp.server.lowlevel.server: Registering handler for GetPromptRequest
2026-01-23 20:50:54 [   DEBUG] mcp.server.lowlevel.server: Registering handler for ListResourceTemplatesRequest
2026-01-23 20:50:54 [   DEBUG] asyncio: Using selector: EpollSelector
2026-01-23 20:50:54 [   DEBUG] mcp.server.lowlevel.server: Initializing server 'Test Challenges'
2026-01-23 20:50:54 [   DEBUG] mcp.server.lowlevel.server: Registering handler for ListToolsRequest
2026-01-23 20:50:54 [   DEBUG] mcp.server.lowlevel.server: Registering handler for CallToolRequest
2026-01-23 20:50:54 [   DEBUG] mcp.server.lowlevel.server: Registering handler for ListResourcesRequest
2026-01-23 20:50:54 [   DEBUG] mcp.server.lowlevel.server: Registering handler for ReadResourceRequest
2026-01-23 20:50:54 [   DEBUG] mcp.server.lowlevel.server: Registering handler for PromptListRequest
2026-01-23 20:50:54 [   DEBUG] mcp.server.lowlevel.server: Registering handler for GetPromptRequest
2026-01-23 20:50:54 [   DEBUG] mcp.server.lowlevel.server: Registering handler for ListResourceTemplatesRequest
2026-01-23 20:50:54 [   DEBUG] asyncio: Using selector: EpollSelector
2026-01-23 20:50:54 [   DEBUG] mcp.server.lowlevel.server: Initializing server 'Test Challenges'
2026-01-23 20:50:54 [   DEBUG] mcp.server.lowlevel.server: Registering handler for ListToolsRequest
2026-01-23 20:50:54 [   DEBUG] mcp.server.lowlevel.server: Registering handler for CallToolRequest
2026-01-23 20:50:54 [   DEBUG] mcp.server.lowlevel.server: Registering handler for ListResourcesRequest
2026-01-23 20:50:54 [   DEBUG] mcp.server.lowlevel.server: Registering handler for ReadResourceRequest
2026-01-23 20:50:54 [   DEBUG] mcp.server.lowlevel.server: Registering handler for PromptListRequest
2026-01-23 20:50:54 [   DEBUG] mcp.server.lowlevel.server: Registering handler for GetPromptRequest
2026-01-23 20:50:54 [   DEBUG] mcp.server.lowlevel.server: Registering handler for ListResourceTemplatesRequest
2026-01-23 20:50:54 [   DEBUG] asyncio: Using selector: EpollSelector
2026-01-23 20:50:54 [   DEBUG] mcp.server.lowlevel.server: Initializing server 'Test Challenges'
2026-01-23 20:50:54 [   DEBUG] mcp.server.lowlevel.server: Registering handler for ListToolsRequest
2026-01-23 20:50:54 [   DEBUG] mcp.server.lowlevel.server: Registering handler for CallToolRequest
2026-01-23 20:50:54 [   DEBUG] mcp.server.lowlevel.server: Registering handler for ListResourcesRequest
2026-01-23 20:50:54 [   DEBUG] mcp.server.lowlevel.server: Registering handler for ReadResourceRequest
2026-01-23 20:50:54 [   DEBUG] mcp.server.lowlevel.server: Registering handler for PromptListRequest
2026-01-23 20:50:54 [   DEBUG] mcp.server.lowlevel.server: Registering handler for GetPromptRequest
2026-01-23 20:50:54 [   DEBUG] mcp.server.lowlevel.server: Registering handler for ListResourceTemplatesRequest
2026-01-23 20:50:54 [   DEBUG] asyncio: Using selector: EpollSelector
2026-01-23 20:50:54 [   DEBUG] mcp.server.lowlevel.server: Initializing server 'Test Health Wellness'
2026-01-23 20:50:54 [   DEBUG] mcp.server.lowlevel.server: Registering handler for ListToolsRequest
2026-01-23 20:50:54 [   DEBUG] mcp.server.lowlevel.server: Registering handler for CallToolRequest
2026-01-23 20:50:54 [   DEBUG] mcp.server.lowlevel.server: Registering handler for ListResourcesRequest
2026-01-23 20:50:54 [   DEBUG] mcp.server.lowlevel.server: Registering handler for ReadResourceRequest
2026-01-23 20:50:54 [   DEBUG] mcp.server.lowlevel.server: Registering handler for PromptListRequest
2026-01-23 20:50:54 [   DEBUG] mcp.server.lowlevel.server: Registering handler for GetPromptRequest
2026-01-23 20:50:54 [   DEBUG] mcp.server.lowlevel.server: Registering handler for ListResourceTemplatesRequest
2026-01-23 20:50:54 [   DEBUG] asyncio: Using selector: EpollSelector
2026-01-23 20:50:54 [   DEBUG] mcp.server.lowlevel.server: Initializing server 'Test Health Wellness'
2026-01-23 20:50:54 [   DEBUG] mcp.server.lowlevel.server: Registering handler for ListToolsRequest
2026-01-23 20:50:54 [   DEBUG] mcp.server.lowlevel.server: Registering handler for CallToolRequest
2026-01-23 20:50:54 [   DEBUG] mcp.server.lowlevel.server: Registering handler for ListResourcesRequest
2026-01-23 20:50:54 [   DEBUG] mcp.server.lowlevel.server: Registering handler for ReadResourceRequest
2026-01-23 20:50:54 [   DEBUG] mcp.server.lowlevel.server: Registering handler for PromptListRequest
2026-01-23 20:50:54 [   DEBUG] mcp.server.lowlevel.server: Registering handler for GetPromptRequest
2026-01-23 20:50:54 [   DEBUG] mcp.server.lowlevel.server: Registering handler for ListResourceTemplatesRequest
2026-01-23 20:50:54 [   DEBUG] asyncio: Using selector: EpollSelector
2026-01-23 20:50:54 [   DEBUG] mcp.server.lowlevel.server: Initializing server 'Test Health Wellness'
2026-01-23 20:50:54 [   DEBUG] mcp.server.lowlevel.server: Registering handler for ListToolsRequest
2026-01-23 20:50:54 [   DEBUG] mcp.server.lowlevel.server: Registering handler for CallToolRequest
2026-01-23 20:50:54 [   DEBUG] mcp.server.lowlevel.server: Registering handler for ListResourcesRequest
2026-01-23 20:50:54 [   DEBUG] mcp.server.lowlevel.server: Registering handler for ReadResourceRequest
2026-01-23 20:50:54 [   DEBUG] mcp.server.lowlevel.server: Registering handler for PromptListRequest
2026-01-23 20:50:54 [   DEBUG] mcp.server.lowlevel.server: Registering handler for GetPromptRequest
2026-01-23 20:50:54 [   DEBUG] mcp.server.lowlevel.server: Registering handler for ListResourceTemplatesRequest
2026-01-23 20:50:54 [   DEBUG] asyncio: Using selector: EpollSelector
2026-01-23 20:50:54 [   DEBUG] mcp.server.lowlevel.server: Initializing server 'Test Health Wellness'
2026-01-23 20:50:54 [   DEBUG] mcp.server.lowlevel.server: Registering handler for ListToolsRequest
2026-01-23 20:50:54 [   DEBUG] mcp.server.lowlevel.server: Registering handler for CallToolRequest
2026-01-23 20:50:54 [   DEBUG] mcp.server.lowlevel.server: Registering handler for ListResourcesRequest
2026-01-23 20:50:54 [   DEBUG] mcp.server.lowlevel.server: Registering handler for ReadResourceRequest
2026-01-23 20:50:54 [   DEBUG] mcp.server.lowlevel.server: Registering handler for PromptListRequest
2026-01-23 20:50:54 [   DEBUG] mcp.server.lowlevel.server: Registering handler for GetPromptRequest
2026-01-23 20:50:54 [   DEBUG] mcp.server.lowlevel.server: Registering handler for ListResourceTemplatesRequest
2026-01-23 20:50:54 [   DEBUG] asyncio: Using selector: EpollSelector
2026-01-23 20:50:54 [   DEBUG] mcp.server.lowlevel.server: Initializing server 'Test Health Wellness'
2026-01-23 20:50:54 [   DEBUG] mcp.server.lowlevel.server: Registering handler for ListToolsRequest
2026-01-23 20:50:54 [   DEBUG] mcp.server.lowlevel.server: Registering handler for CallToolRequest
2026-01-23 20:50:54 [   DEBUG] mcp.server.lowlevel.server: Registering handler for ListResourcesRequest
2026-01-23 20:50:54 [   DEBUG] mcp.server.lowlevel.server: Registering handler for ReadResourceRequest
2026-01-23 20:50:54 [   DEBUG] mcp.server.lowlevel.server: Registering handler for PromptListRequest
2026-01-23 20:50:54 [   DEBUG] mcp.server.lowlevel.server: Registering handler for GetPromptRequest
2026-01-23 20:50:54 [   DEBUG] mcp.server.lowlevel.server: Registering handler for ListResourceTemplatesRequest
2026-01-23 20:50:54 [   DEBUG] asyncio: Using selector: EpollSelector
2026-01-23 20:50:54 [   DEBUG] mcp.server.lowlevel.server: Initializing server 'Test Health Wellness'
2026-01-23 20:50:54 [   DEBUG] mcp.server.lowlevel.server: Registering handler for ListToolsRequest
2026-01-23 20:50:54 [   DEBUG] mcp.server.lowlevel.server: Registering handler for CallToolRequest
2026-01-23 20:50:54 [   DEBUG] mcp.server.lowlevel.server: Registering handler for ListResourcesRequest
2026-01-23 20:50:54 [   DEBUG] mcp.server.lowlevel.server: Registering handler for ReadResourceRequest
2026-01-23 20:50:54 [   DEBUG] mcp.server.lowlevel.server: Registering handler for PromptListRequest
2026-01-23 20:50:54 [   DEBUG] mcp.server.lowlevel.server: Registering handler for GetPromptRequest
2026-01-23 20:50:54 [   DEBUG] mcp.server.lowlevel.server: Registering handler for ListResourceTemplatesRequest
2026-01-23 20:50:54 [   DEBUG] asyncio: Using selector: EpollSelector
2026-01-23 20:50:54 [   DEBUG] mcp.server.lowlevel.server: Initializing server 'Test Health Wellness'
2026-01-23 20:50:54 [   DEBUG] mcp.server.lowlevel.server: Registering handler for ListToolsRequest
2026-01-23 20:50:54 [   DEBUG] mcp.server.lowlevel.server: Registering handler for CallToolRequest
2026-01-23 20:50:54 [   DEBUG] mcp.server.lowlevel.server: Registering handler for ListResourcesRequest
2026-01-23 20:50:54 [   DEBUG] mcp.server.lowlevel.server: Registering handler for ReadResourceRequest
2026-01-23 20:50:54 [   DEBUG] mcp.server.lowlevel.server: Registering handler for PromptListRequest
2026-01-23 20:50:54 [   DEBUG] mcp.server.lowlevel.server: Registering handler for GetPromptRequest
2026-01-23 20:50:54 [   DEBUG] mcp.server.lowlevel.server: Registering handler for ListResourceTemplatesRequest
2026-01-23 20:50:54 [   DEBUG] asyncio: Using selector: EpollSelector
2026-01-23 20:50:54 [   DEBUG] mcp.server.lowlevel.server: Initializing server 'Test Health Wellness'
2026-01-23 20:50:54 [   DEBUG] mcp.server.lowlevel.server: Registering handler for ListToolsRequest
2026-01-23 20:50:54 [   DEBUG] mcp.server.lowlevel.server: Registering handler for CallToolRequest
2026-01-23 20:50:54 [   DEBUG] mcp.server.lowlevel.server: Registering handler for ListResourcesRequest
2026-01-23 20:50:54 [   DEBUG] mcp.server.lowlevel.server: Registering handler for ReadResourceRequest
2026-01-23 20:50:54 [   DEBUG] mcp.server.lowlevel.server: Registering handler for PromptListRequest
2026-01-23 20:50:54 [   DEBUG] mcp.server.lowlevel.server: Registering handler for GetPromptRequest
2026-01-23 20:50:54 [   DEBUG] mcp.server.lowlevel.server: Registering handler for ListResourceTemplatesRequest
2026-01-23 20:50:54 [   DEBUG] asyncio: Using selector: EpollSelector
2026-01-23 20:50:54 [   DEBUG] mcp.server.lowlevel.server: Initializing server 'Test Health Wellness'
2026-01-23 20:50:54 [   DEBUG] mcp.server.lowlevel.server: Registering handler for ListToolsRequest
2026-01-23 20:50:54 [   DEBUG] mcp.server.lowlevel.server: Registering handler for CallToolRequest
2026-01-23 20:50:54 [   DEBUG] mcp.server.lowlevel.server: Registering handler for ListResourcesRequest
2026-01-23 20:50:54 [   DEBUG] mcp.server.lowlevel.server: Registering handler for ReadResourceRequest
2026-01-23 20:50:54 [   DEBUG] mcp.server.lowlevel.server: Registering handler for PromptListRequest
2026-01-23 20:50:54 [   DEBUG] mcp.server.lowlevel.server: Registering handler for GetPromptRequest
2026-01-23 20:50:54 [   DEBUG] mcp.server.lowlevel.server: Registering handler for ListResourceTemplatesRequest
2026-01-23 20:50:54 [   DEBUG] asyncio: Using selector: EpollSelector
2026-01-23 20:50:54 [   DEBUG] mcp.server.lowlevel.server: Initializing server 'Test Health Wellness'
2026-01-23 20:50:54 [   DEBUG] mcp.server.lowlevel.server: Registering handler for ListToolsRequest
2026-01-23 20:50:54 [   DEBUG] mcp.server.lowlevel.server: Registering handler for CallToolRequest
2026-01-23 20:50:54 [   DEBUG] mcp.server.lowlevel.server: Registering handler for ListResourcesRequest
2026-01-23 20:50:54 [   DEBUG] mcp.server.lowlevel.server: Registering handler for ReadResourceRequest
2026-01-23 20:50:54 [   DEBUG] mcp.server.lowlevel.server: Registering handler for PromptListRequest
2026-01-23 20:50:54 [   DEBUG] mcp.server.lowlevel.server: Registering handler for GetPromptRequest
2026-01-23 20:50:54 [   DEBUG] mcp.server.lowlevel.server: Registering handler for ListResourceTemplatesRequest
2026-01-23 20:50:54 [   DEBUG] asyncio: Using selector: EpollSelector
2026-01-23 20:50:54 [   DEBUG] mcp.server.lowlevel.server: Initializing server 'Test Health Wellness'
2026-01-23 20:50:54 [   DEBUG] mcp.server.lowlevel.server: Registering handler for ListToolsRequest
2026-01-23 20:50:54 [   DEBUG] mcp.server.lowlevel.server: Registering handler for CallToolRequest
2026-01-23 20:50:54 [   DEBUG] mcp.server.lowlevel.server: Registering handler for ListResourcesRequest
2026-01-23 20:50:54 [   DEBUG] mcp.server.lowlevel.server: Registering handler for ReadResourceRequest
2026-01-23 20:50:54 [   DEBUG] mcp.server.lowlevel.server: Registering handler for PromptListRequest
2026-01-23 20:50:54 [   DEBUG] mcp.server.lowlevel.server: Registering handler for GetPromptRequest
2026-01-23 20:50:54 [   DEBUG] mcp.server.lowlevel.server: Registering handler for ListResourceTemplatesRequest
2026-01-23 20:50:54 [   DEBUG] asyncio: Using selector: EpollSelector
2026-01-23 20:50:54 [   DEBUG] mcp.server.lowlevel.server: Initializing server 'Test Health Wellness'
2026-01-23 20:50:54 [   DEBUG] mcp.server.lowlevel.server: Registering handler for ListToolsRequest
2026-01-23 20:50:54 [   DEBUG] mcp.server.lowlevel.server: Registering handler for CallToolRequest
2026-01-23 20:50:54 [   DEBUG] mcp.server.lowlevel.server: Registering handler for ListResourcesRequest
2026-01-23 20:50:54 [   DEBUG] mcp.server.lowlevel.server: Registering handler for ReadResourceRequest
2026-01-23 20:50:54 [   DEBUG] mcp.server.lowlevel.server: Registering handler for PromptListRequest
2026-01-23 20:50:54 [   DEBUG] mcp.server.lowlevel.server: Registering handler for GetPromptRequest
2026-01-23 20:50:54 [   DEBUG] mcp.server.lowlevel.server: Registering handler for ListResourceTemplatesRequest
2026-01-23 20:50:54 [   DEBUG] asyncio: Using selector: EpollSelector
2026-01-23 20:50:54 [   DEBUG] mcp.server.lowlevel.server: Initializing server 'Test Health Wellness'
2026-01-23 20:50:54 [   DEBUG] mcp.server.lowlevel.server: Registering handler for ListToolsRequest
2026-01-23 20:50:54 [   DEBUG] mcp.server.lowlevel.server: Registering handler for CallToolRequest
2026-01-23 20:50:54 [   DEBUG] mcp.server.lowlevel.server: Registering handler for ListResourcesRequest
2026-01-23 20:50:54 [   DEBUG] mcp.server.lowlevel.server: Registering handler for ReadResourceRequest
2026-01-23 20:50:54 [   DEBUG] mcp.server.lowlevel.server: Registering handler for PromptListRequest
2026-01-23 20:50:54 [   DEBUG] mcp.server.lowlevel.server: Registering handler for GetPromptRequest
2026-01-23 20:50:54 [   DEBUG] mcp.server.lowlevel.server: Registering handler for ListResourceTemplatesRequest
2026-01-23 20:50:54 [   DEBUG] asyncio: Using selector: EpollSelector
2026-01-23 20:50:54 [   DEBUG] mcp.server.lowlevel.server: Initializing server 'Test Health Wellness'
2026-01-23 20:50:54 [   DEBUG] mcp.server.lowlevel.server: Registering handler for ListToolsRequest
2026-01-23 20:50:54 [   DEBUG] mcp.server.lowlevel.server: Registering handler for CallToolRequest
2026-01-23 20:50:54 [   DEBUG] mcp.server.lowlevel.server: Registering handler for ListResourcesRequest
2026-01-23 20:50:54 [   DEBUG] mcp.server.lowlevel.server: Registering handler for ReadResourceRequest
2026-01-23 20:50:54 [   DEBUG] mcp.server.lowlevel.server: Registering handler for PromptListRequest
2026-01-23 20:50:54 [   DEBUG] mcp.server.lowlevel.server: Registering handler for GetPromptRequest
2026-01-23 20:50:54 [   DEBUG] mcp.server.lowlevel.server: Registering handler for ListResourceTemplatesRequest
2026-01-23 20:50:54 [   DEBUG] asyncio: Using selector: EpollSelector
2026-01-23 20:50:54 [   DEBUG] mcp.server.lowlevel.server: Initializing server 'Test Health Wellness'
2026-01-23 20:50:54 [   DEBUG] mcp.server.lowlevel.server: Registering handler for ListToolsRequest
2026-01-23 20:50:54 [   DEBUG] mcp.server.lowlevel.server: Registering handler for CallToolRequest
2026-01-23 20:50:54 [   DEBUG] mcp.server.lowlevel.server: Registering handler for ListResourcesRequest
2026-01-23 20:50:54 [   DEBUG] mcp.server.lowlevel.server: Registering handler for ReadResourceRequest
2026-01-23 20:50:54 [   DEBUG] mcp.server.lowlevel.server: Registering handler for PromptListRequest
2026-01-23 20:50:54 [   DEBUG] mcp.server.lowlevel.server: Registering handler for GetPromptRequest
2026-01-23 20:50:54 [   DEBUG] mcp.server.lowlevel.server: Registering handler for ListResourceTemplatesRequest
2026-01-23 20:50:54 [   DEBUG] asyncio: Using selector: EpollSelector
2026-01-23 20:50:54 [   DEBUG] mcp.server.lowlevel.server: Initializing server 'Test Health Wellness'
2026-01-23 20:50:54 [   DEBUG] mcp.server.lowlevel.server: Registering handler for ListToolsRequest
2026-01-23 20:50:54 [   DEBUG] mcp.server.lowlevel.server: Registering handler for CallToolRequest
2026-01-23 20:50:54 [   DEBUG] mcp.server.lowlevel.server: Registering handler for ListResourcesRequest
2026-01-23 20:50:54 [   DEBUG] mcp.server.lowlevel.server: Registering handler for ReadResourceRequest
2026-01-23 20:50:54 [   DEBUG] mcp.server.lowlevel.server: Registering handler for PromptListRequest
2026-01-23 20:50:54 [   DEBUG] mcp.server.lowlevel.server: Registering handler for GetPromptRequest
2026-01-23 20:50:54 [   DEBUG] mcp.server.lowlevel.server: Registering handler for ListResourceTemplatesRequest
2026-01-23 20:50:54 [   DEBUG] asyncio: Using selector: EpollSelector
2026-01-23 20:50:54 [   DEBUG] mcp.server.lowlevel.server: Initializing server 'Test Health Wellness'
2026-01-23 20:50:54 [   DEBUG] mcp.server.lowlevel.server: Registering handler for ListToolsRequest
2026-01-23 20:50:54 [   DEBUG] mcp.server.lowlevel.server: Registering handler for CallToolRequest
2026-01-23 20:50:54 [   DEBUG] mcp.server.lowlevel.server: Registering handler for ListResourcesRequest
2026-01-23 20:50:54 [   DEBUG] mcp.server.lowlevel.server: Registering handler for ReadResourceRequest
2026-01-23 20:50:54 [   DEBUG] mcp.server.lowlevel.server: Registering handler for PromptListRequest
2026-01-23 20:50:54 [   DEBUG] mcp.server.lowlevel.server: Registering handler for GetPromptRequest
2026-01-23 20:50:54 [   DEBUG] mcp.server.lowlevel.server: Registering handler for ListResourceTemplatesRequest
2026-01-23 20:50:54 [   DEBUG] asyncio: Using selector: EpollSelector
2026-01-23 20:50:54 [   DEBUG] mcp.server.lowlevel.server: Initializing server 'Test Health Wellness'
2026-01-23 20:50:54 [   DEBUG] mcp.server.lowlevel.server: Registering handler for ListToolsRequest
2026-01-23 20:50:54 [   DEBUG] mcp.server.lowlevel.server: Registering handler for CallToolRequest
2026-01-23 20:50:54 [   DEBUG] mcp.server.lowlevel.server: Registering handler for ListResourcesRequest
2026-01-23 20:50:54 [   DEBUG] mcp.server.lowlevel.server: Registering handler for ReadResourceRequest
2026-01-23 20:50:54 [   DEBUG] mcp.server.lowlevel.server: Registering handler for PromptListRequest
2026-01-23 20:50:54 [   DEBUG] mcp.server.lowlevel.server: Registering handler for GetPromptRequest
2026-01-23 20:50:54 [   DEBUG] mcp.server.lowlevel.server: Registering handler for ListResourceTemplatesRequest
2026-01-23 20:50:54 [   DEBUG] asyncio: Using selector: EpollSelector
2026-01-23 20:50:54 [   DEBUG] mcp.server.lowlevel.server: Initializing server 'Test Health Wellness'
2026-01-23 20:50:54 [   DEBUG] mcp.server.lowlevel.server: Registering handler for ListToolsRequest
2026-01-23 20:50:54 [   DEBUG] mcp.server.lowlevel.server: Registering handler for CallToolRequest
2026-01-23 20:50:54 [   DEBUG] mcp.server.lowlevel.server: Registering handler for ListResourcesRequest
2026-01-23 20:50:54 [   DEBUG] mcp.server.lowlevel.server: Registering handler for ReadResourceRequest
2026-01-23 20:50:54 [   DEBUG] mcp.server.lowlevel.server: Registering handler for PromptListRequest
2026-01-23 20:50:54 [   DEBUG] mcp.server.lowlevel.server: Registering handler for GetPromptRequest
2026-01-23 20:50:54 [   DEBUG] mcp.server.lowlevel.server: Registering handler for ListResourceTemplatesRequest
2026-01-23 20:50:54 [   DEBUG] asyncio: Using selector: EpollSelector
2026-01-23 20:50:54 [   DEBUG] mcp.server.lowlevel.server: Initializing server 'Test Health Wellness'
2026-01-23 20:50:54 [   DEBUG] mcp.server.lowlevel.server: Registering handler for ListToolsRequest
2026-01-23 20:50:54 [   DEBUG] mcp.server.lowlevel.server: Registering handler for CallToolRequest
2026-01-23 20:50:54 [   DEBUG] mcp.server.lowlevel.server: Registering handler for ListResourcesRequest
2026-01-23 20:50:54 [   DEBUG] mcp.server.lowlevel.server: Registering handler for ReadResourceRequest
2026-01-23 20:50:54 [   DEBUG] mcp.server.lowlevel.server: Registering handler for PromptListRequest
2026-01-23 20:50:54 [   DEBUG] mcp.server.lowlevel.server: Registering handler for GetPromptRequest
2026-01-23 20:50:54 [   DEBUG] mcp.server.lowlevel.server: Registering handler for ListResourceTemplatesRequest
2026-01-23 20:50:54 [   DEBUG] asyncio: Using selector: EpollSelector
2026-01-23 20:50:54 [   DEBUG] mcp.server.lowlevel.server: Initializing server 'Test Health Wellness'
2026-01-23 20:50:54 [   DEBUG] mcp.server.lowlevel.server: Registering handler for ListToolsRequest
2026-01-23 20:50:54 [   DEBUG] mcp.server.lowlevel.server: Registering handler for CallToolRequest
2026-01-23 20:50:54 [   DEBUG] mcp.server.lowlevel.server: Registering handler for ListResourcesRequest
2026-01-23 20:50:54 [   DEBUG] mcp.server.lowlevel.server: Registering handler for ReadResourceRequest
2026-01-23 20:50:54 [   DEBUG] mcp.server.lowlevel.server: Registering handler for PromptListRequest
2026-01-23 20:50:54 [   DEBUG] mcp.server.lowlevel.server: Registering handler for GetPromptRequest
2026-01-23 20:50:54 [   DEBUG] mcp.server.lowlevel.server: Registering handler for ListResourceTemplatesRequest
2026-01-23 20:50:54 [   DEBUG] asyncio: Using selector: EpollSelector
2026-01-23 20:50:54 [   DEBUG] mcp.server.lowlevel.server: Initializing server 'Test Health Wellness'
2026-01-23 20:50:54 [   DEBUG] mcp.server.lowlevel.server: Registering handler for ListToolsRequest
2026-01-23 20:50:54 [   DEBUG] mcp.server.lowlevel.server: Registering handler for CallToolRequest
2026-01-23 20:50:54 [   DEBUG] mcp.server.lowlevel.server: Registering handler for ListResourcesRequest
2026-01-23 20:50:54 [   DEBUG] mcp.server.lowlevel.server: Registering handler for ReadResourceRequest
2026-01-23 20:50:54 [   DEBUG] mcp.server.lowlevel.server: Registering handler for PromptListRequest
2026-01-23 20:50:54 [   DEBUG] mcp.server.lowlevel.server: Registering handler for GetPromptRequest
2026-01-23 20:50:54 [   DEBUG] mcp.server.lowlevel.server: Registering handler for ListResourceTemplatesRequest
2026-01-23 20:50:54 [   DEBUG] asyncio: Using selector: EpollSelector
2026-01-23 20:50:54 [   DEBUG] mcp.server.lowlevel.server: Initializing server 'Test Health Wellness'
2026-01-23 20:50:54 [   DEBUG] mcp.server.lowlevel.server: Registering handler for ListToolsRequest
2026-01-23 20:50:54 [   DEBUG] mcp.server.lowlevel.server: Registering handler for CallToolRequest
2026-01-23 20:50:54 [   DEBUG] mcp.server.lowlevel.server: Registering handler for ListResourcesRequest
2026-01-23 20:50:54 [   DEBUG] mcp.server.lowlevel.server: Registering handler for ReadResourceRequest
2026-01-23 20:50:54 [   DEBUG] mcp.server.lowlevel.server: Registering handler for PromptListRequest
2026-01-23 20:50:54 [   DEBUG] mcp.server.lowlevel.server: Registering handler for GetPromptRequest
2026-01-23 20:50:54 [   DEBUG] mcp.server.lowlevel.server: Registering handler for ListResourceTemplatesRequest
2026-01-23 20:50:54 [   DEBUG] asyncio: Using selector: EpollSelector
2026-01-23 20:50:54 [   DEBUG] mcp.server.lowlevel.server: Initializing server 'Test Health Wellness'
2026-01-23 20:50:54 [   DEBUG] mcp.server.lowlevel.server: Registering handler for ListToolsRequest
2026-01-23 20:50:54 [   DEBUG] mcp.server.lowlevel.server: Registering handler for CallToolRequest
2026-01-23 20:50:54 [   DEBUG] mcp.server.lowlevel.server: Registering handler for ListResourcesRequest
2026-01-23 20:50:54 [   DEBUG] mcp.server.lowlevel.server: Registering handler for ReadResourceRequest
2026-01-23 20:50:54 [   DEBUG] mcp.server.lowlevel.server: Registering handler for PromptListRequest
2026-01-23 20:50:54 [   DEBUG] mcp.server.lowlevel.server: Registering handler for GetPromptRequest
2026-01-23 20:50:54 [   DEBUG] mcp.server.lowlevel.server: Registering handler for ListResourceTemplatesRequest
2026-01-23 20:50:54 [   DEBUG] asyncio: Using selector: EpollSelector
2026-01-23 20:50:54 [   DEBUG] mcp.server.lowlevel.server: Initializing server 'Test Health Wellness'
2026-01-23 20:50:54 [   DEBUG] mcp.server.lowlevel.server: Registering handler for ListToolsRequest
2026-01-23 20:50:54 [   DEBUG] mcp.server.lowlevel.server: Registering handler for CallToolRequest
2026-01-23 20:50:54 [   DEBUG] mcp.server.lowlevel.server: Registering handler for ListResourcesRequest
2026-01-23 20:50:54 [   DEBUG] mcp.server.lowlevel.server: Registering handler for ReadResourceRequest
2026-01-23 20:50:54 [   DEBUG] mcp.server.lowlevel.server: Registering handler for PromptListRequest
2026-01-23 20:50:54 [   DEBUG] mcp.server.lowlevel.server: Registering handler for GetPromptRequest
2026-01-23 20:50:54 [   DEBUG] mcp.server.lowlevel.server: Registering handler for ListResourceTemplatesRequest
2026-01-23 20:50:54 [   DEBUG] asyncio: Using selector: EpollSelector
2026-01-23 20:50:54 [   DEBUG] mcp.server.lowlevel.server: Initializing server 'Test Devices'
2026-01-23 20:50:54 [   DEBUG] mcp.server.lowlevel.server: Registering handler for ListToolsRequest
2026-01-23 20:50:54 [   DEBUG] mcp.server.lowlevel.server: Registering handler for CallToolRequest
2026-01-23 20:50:54 [   DEBUG] mcp.server.lowlevel.server: Registering handler for ListResourcesRequest
2026-01-23 20:50:54 [   DEBUG] mcp.server.lowlevel.server: Registering handler for ReadResourceRequest
2026-01-23 20:50:54 [   DEBUG] mcp.server.lowlevel.server: Registering handler for PromptListRequest
2026-01-23 20:50:54 [   DEBUG] mcp.server.lowlevel.server: Registering handler for GetPromptRequest
2026-01-23 20:50:54 [   DEBUG] mcp.server.lowlevel.server: Registering handler for ListResourceTemplatesRequest
2026-01-23 20:50:54 [   DEBUG] asyncio: Using selector: EpollSelector
2026-01-23 20:50:54 [   DEBUG] mcp.server.lowlevel.server: Initializing server 'Test Devices'
2026-01-23 20:50:54 [   DEBUG] mcp.server.lowlevel.server: Registering handler for ListToolsRequest
2026-01-23 20:50:54 [   DEBUG] mcp.server.lowlevel.server: Registering handler for CallToolRequest
2026-01-23 20:50:54 [   DEBUG] mcp.server.lowlevel.server: Registering handler for ListResourcesRequest
2026-01-23 20:50:54 [   DEBUG] mcp.server.lowlevel.server: Registering handler for ReadResourceRequest
2026-01-23 20:50:54 [   DEBUG] mcp.server.lowlevel.server: Registering handler for PromptListRequest
2026-01-23 20:50:54 [   DEBUG] mcp.server.lowlevel.server: Registering handler for GetPromptRequest
2026-01-23 20:50:54 [   DEBUG] mcp.server.lowlevel.server: Registering handler for ListResourceTemplatesRequest
2026-01-23 20:50:54 [   DEBUG] asyncio: Using selector: EpollSelector
2026-01-23 20:50:54 [   DEBUG] mcp.server.lowlevel.server: Initializing server 'Test Devices'
2026-01-23 20:50:54 [   DEBUG] mcp.server.lowlevel.server: Registering handler for ListToolsRequest
2026-01-23 20:50:54 [   DEBUG] mcp.server.lowlevel.server: Registering handler for CallToolRequest
2026-01-23 20:50:54 [   DEBUG] mcp.server.lowlevel.server: Registering handler for ListResourcesRequest
2026-01-23 20:50:54 [   DEBUG] mcp.server.lowlevel.server: Registering handler for ReadResourceRequest
2026-01-23 20:50:54 [   DEBUG] mcp.server.lowlevel.server: Registering handler for PromptListRequest
2026-01-23 20:50:54 [   DEBUG] mcp.server.lowlevel.server: Registering handler for GetPromptRequest
2026-01-23 20:50:54 [   DEBUG] mcp.server.lowlevel.server: Registering handler for ListResourceTemplatesRequest
2026-01-23 20:50:54 [   DEBUG] asyncio: Using selector: EpollSelector
2026-01-23 20:50:54 [   DEBUG] mcp.server.lowlevel.server: Initializing server 'Test Devices'
2026-01-23 20:50:54 [   DEBUG] mcp.server.lowlevel.server: Registering handler for ListToolsRequest
2026-01-23 20:50:54 [   DEBUG] mcp.server.lowlevel.server: Registering handler for CallToolRequest
2026-01-23 20:50:54 [   DEBUG] mcp.server.lowlevel.server: Registering handler for ListResourcesRequest
2026-01-23 20:50:54 [   DEBUG] mcp.server.lowlevel.server: Registering handler for ReadResourceRequest
2026-01-23 20:50:54 [   DEBUG] mcp.server.lowlevel.server: Registering handler for PromptListRequest
2026-01-23 20:50:54 [   DEBUG] mcp.server.lowlevel.server: Registering handler for GetPromptRequest
2026-01-23 20:50:54 [   DEBUG] mcp.server.lowlevel.server: Registering handler for ListResourceTemplatesRequest
2026-01-23 20:50:54 [   DEBUG] asyncio: Using selector: EpollSelector
2026-01-23 20:50:54 [   DEBUG] mcp.server.lowlevel.server: Initializing server 'Test Devices'
2026-01-23 20:50:54 [   DEBUG] mcp.server.lowlevel.server: Registering handler for ListToolsRequest
2026-01-23 20:50:54 [   DEBUG] mcp.server.lowlevel.server: Registering handler for CallToolRequest
2026-01-23 20:50:54 [   DEBUG] mcp.server.lowlevel.server: Registering handler for ListResourcesRequest
2026-01-23 20:50:54 [   DEBUG] mcp.server.lowlevel.server: Registering handler for ReadResourceRequest
2026-01-23 20:50:54 [   DEBUG] mcp.server.lowlevel.server: Registering handler for PromptListRequest
2026-01-23 20:50:54 [   DEBUG] mcp.server.lowlevel.server: Registering handler for GetPromptRequest
2026-01-23 20:50:54 [   DEBUG] mcp.server.lowlevel.server: Registering handler for ListResourceTemplatesRequest
2026-01-23 20:50:54 [   DEBUG] asyncio: Using selector: EpollSelector
2026-01-23 20:50:54 [   DEBUG] mcp.server.lowlevel.server: Initializing server 'Test Devices'
2026-01-23 20:50:54 [   DEBUG] mcp.server.lowlevel.server: Registering handler for ListToolsRequest
2026-01-23 20:50:54 [   DEBUG] mcp.server.lowlevel.server: Registering handler for CallToolRequest
2026-01-23 20:50:54 [   DEBUG] mcp.server.lowlevel.server: Registering handler for ListResourcesRequest
2026-01-23 20:50:54 [   DEBUG] mcp.server.lowlevel.server: Registering handler for ReadResourceRequest
2026-01-23 20:50:54 [   DEBUG] mcp.server.lowlevel.server: Registering handler for PromptListRequest
2026-01-23 20:50:54 [   DEBUG] mcp.server.lowlevel.server: Registering handler for GetPromptRequest
2026-01-23 20:50:54 [   DEBUG] mcp.server.lowlevel.server: Registering handler for ListResourceTemplatesRequest
2026-01-23 20:50:54 [   DEBUG] asyncio: Using selector: EpollSelector
2026-01-23 20:50:54 [   DEBUG] mcp.server.lowlevel.server: Initializing server 'Test Weight Management'
2026-01-23 20:50:54 [   DEBUG] mcp.server.lowlevel.server: Registering handler for ListToolsRequest
2026-01-23 20:50:54 [   DEBUG] mcp.server.lowlevel.server: Registering handler for CallToolRequest
2026-01-23 20:50:54 [   DEBUG] mcp.server.lowlevel.server: Registering handler for ListResourcesRequest
2026-01-23 20:50:54 [   DEBUG] mcp.server.lowlevel.server: Registering handler for ReadResourceRequest
2026-01-23 20:50:54 [   DEBUG] mcp.server.lowlevel.server: Registering handler for PromptListRequest
2026-01-23 20:50:54 [   DEBUG] mcp.server.lowlevel.server: Registering handler for GetPromptRequest
2026-01-23 20:50:54 [   DEBUG] mcp.server.lowlevel.server: Registering handler for ListResourceTemplatesRequest
2026-01-23 20:50:54 [   DEBUG] asyncio: Using selector: EpollSelector
2026-01-23 20:50:54 [   DEBUG] mcp.server.lowlevel.server: Initializing server 'Test Weight Management'
2026-01-23 20:50:54 [   DEBUG] mcp.server.lowlevel.server: Registering handler for ListToolsRequest
2026-01-23 20:50:54 [   DEBUG] mcp.server.lowlevel.server: Registering handler for CallToolRequest
2026-01-23 20:50:54 [   DEBUG] mcp.server.lowlevel.server: Registering handler for ListResourcesRequest
2026-01-23 20:50:54 [   DEBUG] mcp.server.lowlevel.server: Registering handler for ReadResourceRequest
2026-01-23 20:50:54 [   DEBUG] mcp.server.lowlevel.server: Registering handler for PromptListRequest
2026-01-23 20:50:54 [   DEBUG] mcp.server.lowlevel.server: Registering handler for GetPromptRequest
2026-01-23 20:50:54 [   DEBUG] mcp.server.lowlevel.server: Registering handler for ListResourceTemplatesRequest
2026-01-23 20:50:54 [   DEBUG] asyncio: Using selector: EpollSelector
2026-01-23 20:50:54 [   DEBUG] mcp.server.lowlevel.server: Initializing server 'Test Weight Management'
2026-01-23 20:50:54 [   DEBUG] mcp.server.lowlevel.server: Registering handler for ListToolsRequest
2026-01-23 20:50:54 [   DEBUG] mcp.server.lowlevel.server: Registering handler for CallToolRequest
2026-01-23 20:50:54 [   DEBUG] mcp.server.lowlevel.server: Registering handler for ListResourcesRequest
2026-01-23 20:50:54 [   DEBUG] mcp.server.lowlevel.server: Registering handler for ReadResourceRequest
2026-01-23 20:50:54 [   DEBUG] mcp.server.lowlevel.server: Registering handler for PromptListRequest
2026-01-23 20:50:54 [   DEBUG] mcp.server.lowlevel.server: Registering handler for GetPromptRequest
2026-01-23 20:50:54 [   DEBUG] mcp.server.lowlevel.server: Registering handler for ListResourceTemplatesRequest
2026-01-23 20:50:54 [   DEBUG] asyncio: Using selector: EpollSelector
2026-01-23 20:50:54 [   DEBUG] mcp.server.lowlevel.server: Initializing server 'Test Weight Management'
2026-01-23 20:50:54 [   DEBUG] mcp.server.lowlevel.server: Registering handler for ListToolsRequest
2026-01-23 20:50:54 [   DEBUG] mcp.server.lowlevel.server: Registering handler for CallToolRequest
2026-01-23 20:50:54 [   DEBUG] mcp.server.lowlevel.server: Registering handler for ListResourcesRequest
2026-01-23 20:50:54 [   DEBUG] mcp.server.lowlevel.server: Registering handler for ReadResourceRequest
2026-01-23 20:50:54 [   DEBUG] mcp.server.lowlevel.server: Registering handler for PromptListRequest
2026-01-23 20:50:54 [   DEBUG] mcp.server.lowlevel.server: Registering handler for GetPromptRequest
2026-01-23 20:50:54 [   DEBUG] mcp.server.lowlevel.server: Registering handler for ListResourceTemplatesRequest
2026-01-23 20:50:54 [   DEBUG] asyncio: Using selector: EpollSelector
2026-01-23 20:50:54 [   DEBUG] mcp.server.lowlevel.server: Initializing server 'Test Weight Management'
2026-01-23 20:50:54 [   DEBUG] mcp.server.lowlevel.server: Registering handler for ListToolsRequest
2026-01-23 20:50:54 [   DEBUG] mcp.server.lowlevel.server: Registering handler for CallToolRequest
2026-01-23 20:50:54 [   DEBUG] mcp.server.lowlevel.server: Registering handler for ListResourcesRequest
2026-01-23 20:50:54 [   DEBUG] mcp.server.lowlevel.server: Registering handler for ReadResourceRequest
2026-01-23 20:50:54 [   DEBUG] mcp.server.lowlevel.server: Registering handler for PromptListRequest
2026-01-23 20:50:54 [   DEBUG] mcp.server.lowlevel.server: Registering handler for GetPromptRequest
2026-01-23 20:50:54 [   DEBUG] mcp.server.lowlevel.server: Registering handler for ListResourceTemplatesRequest
2026-01-23 20:50:54 [   DEBUG] asyncio: Using selector: EpollSelector
2026-01-23 20:50:54 [   DEBUG] mcp.server.lowlevel.server: Initializing server 'Test User Profile'
2026-01-23 20:50:54 [   DEBUG] mcp.server.lowlevel.server: Registering handler for ListToolsRequest
2026-01-23 20:50:54 [   DEBUG] mcp.server.lowlevel.server: Registering handler for CallToolRequest
2026-01-23 20:50:54 [   DEBUG] mcp.server.lowlevel.server: Registering handler for ListResourcesRequest
2026-01-23 20:50:54 [   DEBUG] mcp.server.lowlevel.server: Registering handler for ReadResourceRequest
2026-01-23 20:50:54 [   DEBUG] mcp.server.lowlevel.server: Registering handler for PromptListRequest
2026-01-23 20:50:54 [   DEBUG] mcp.server.lowlevel.server: Registering handler for GetPromptRequest
2026-01-23 20:50:54 [   DEBUG] mcp.server.lowlevel.server: Registering handler for ListResourceTemplatesRequest
2026-01-23 20:50:54 [   DEBUG] asyncio: Using selector: EpollSelector
2026-01-23 20:50:54 [   DEBUG] mcp.server.lowlevel.server: Initializing server 'Test User Profile'
2026-01-23 20:50:54 [   DEBUG] mcp.server.lowlevel.server: Registering handler for ListToolsRequest
2026-01-23 20:50:54 [   DEBUG] mcp.server.lowlevel.server: Registering handler for CallToolRequest
2026-01-23 20:50:54 [   DEBUG] mcp.server.lowlevel.server: Registering handler for ListResourcesRequest
2026-01-23 20:50:54 [   DEBUG] mcp.server.lowlevel.server: Registering handler for ReadResourceRequest
2026-01-23 20:50:54 [   DEBUG] mcp.server.lowlevel.server: Registering handler for PromptListRequest
2026-01-23 20:50:54 [   DEBUG] mcp.server.lowlevel.server: Registering handler for GetPromptRequest
2026-01-23 20:50:54 [   DEBUG] mcp.server.lowlevel.server: Registering handler for ListResourceTemplatesRequest
2026-01-23 20:50:54 [   DEBUG] asyncio: Using selector: EpollSelector
2026-01-23 20:50:54 [   DEBUG] mcp.server.lowlevel.server: Initializing server 'Test User Profile'
2026-01-23 20:50:54 [   DEBUG] mcp.server.lowlevel.server: Registering handler for ListToolsRequest
2026-01-23 20:50:54 [   DEBUG] mcp.server.lowlevel.server: Registering handler for CallToolRequest
2026-01-23 20:50:54 [   DEBUG] mcp.server.lowlevel.server: Registering handler for ListResourcesRequest
2026-01-23 20:50:54 [   DEBUG] mcp.server.lowlevel.server: Registering handler for ReadResourceRequest
2026-01-23 20:50:54 [   DEBUG] mcp.server.lowlevel.server: Registering handler for PromptListRequest
2026-01-23 20:50:54 [   DEBUG] mcp.server.lowlevel.server: Registering handler for GetPromptRequest
2026-01-23 20:50:54 [   DEBUG] mcp.server.lowlevel.server: Registering handler for ListResourceTemplatesRequest
2026-01-23 20:50:54 [   DEBUG] asyncio: Using selector: EpollSelector
2026-01-23 20:50:54 [   DEBUG] mcp.server.lowlevel.server: Initializing server 'Test User Profile'
2026-01-23 20:50:54 [   DEBUG] mcp.server.lowlevel.server: Registering handler for ListToolsRequest
2026-01-23 20:50:54 [   DEBUG] mcp.server.lowlevel.server: Registering handler for CallToolRequest
2026-01-23 20:50:54 [   DEBUG] mcp.server.lowlevel.server: Registering handler for ListResourcesRequest
2026-01-23 20:50:54 [   DEBUG] mcp.server.lowlevel.server: Registering handler for ReadResourceRequest
2026-01-23 20:50:54 [   DEBUG] mcp.server.lowlevel.server: Registering handler for PromptListRequest
2026-01-23 20:50:54 [   DEBUG] mcp.server.lowlevel.server: Registering handler for GetPromptRequest
2026-01-23 20:50:54 [   DEBUG] mcp.server.lowlevel.server: Registering handler for ListResourceTemplatesRequest
2026-01-23 20:50:54 [   DEBUG] asyncio: Using selector: EpollSelector
2026-01-23 20:50:54 [   DEBUG] mcp.server.lowlevel.server: Initializing server 'Test Data Management'
2026-01-23 20:50:54 [   DEBUG] mcp.server.lowlevel.server: Registering handler for ListToolsRequest
2026-01-23 20:50:54 [   DEBUG] mcp.server.lowlevel.server: Registering handler for CallToolRequest
2026-01-23 20:50:54 [   DEBUG] mcp.server.lowlevel.server: Registering handler for ListResourcesRequest
2026-01-23 20:50:54 [   DEBUG] mcp.server.lowlevel.server: Registering handler for ReadResourceRequest
2026-01-23 20:50:54 [   DEBUG] mcp.server.lowlevel.server: Registering handler for PromptListRequest
2026-01-23 20:50:54 [   DEBUG] mcp.server.lowlevel.server: Registering handler for GetPromptRequest
2026-01-23 20:50:54 [   DEBUG] mcp.server.lowlevel.server: Registering handler for ListResourceTemplatesRequest
2026-01-23 20:50:54 [   DEBUG] asyncio: Using selector: EpollSelector
2026-01-23 20:50:54 [   DEBUG] mcp.server.lowlevel.server: Initializing server 'Test Data Management'
2026-01-23 20:50:54 [   DEBUG] mcp.server.lowlevel.server: Registering handler for ListToolsRequest
2026-01-23 20:50:54 [   DEBUG] mcp.server.lowlevel.server: Registering handler for CallToolRequest
2026-01-23 20:50:54 [   DEBUG] mcp.server.lowlevel.server: Registering handler for ListResourcesRequest
2026-01-23 20:50:54 [   DEBUG] mcp.server.lowlevel.server: Registering handler for ReadResourceRequest
2026-01-23 20:50:54 [   DEBUG] mcp.server.lowlevel.server: Registering handler for PromptListRequest
2026-01-23 20:50:54 [   DEBUG] mcp.server.lowlevel.server: Registering handler for GetPromptRequest
2026-01-23 20:50:54 [   DEBUG] mcp.server.lowlevel.server: Registering handler for ListResourceTemplatesRequest
2026-01-23 20:50:54 [   DEBUG] asyncio: Using selector: EpollSelector
2026-01-23 20:50:54 [   DEBUG] mcp.server.lowlevel.server: Initializing server 'Test Data Management'
2026-01-23 20:50:54 [   DEBUG] mcp.server.lowlevel.server: Registering handler for ListToolsRequest
2026-01-23 20:50:54 [   DEBUG] mcp.server.lowlevel.server: Registering handler for CallToolRequest
2026-01-23 20:50:54 [   DEBUG] mcp.server.lowlevel.server: Registering handler for ListResourcesRequest
2026-01-23 20:50:54 [   DEBUG] mcp.server.lowlevel.server: Registering handler for ReadResourceRequest
2026-01-23 20:50:54 [   DEBUG] mcp.server.lowlevel.server: Registering handler for PromptListRequest
2026-01-23 20:50:54 [   DEBUG] mcp.server.lowlevel.server: Registering handler for GetPromptRequest
2026-01-23 20:50:54 [   DEBUG] mcp.server.lowlevel.server: Registering handler for ListResourceTemplatesRequest
2026-01-23 20:50:54 [   DEBUG] asyncio: Using selector: EpollSelector
2026-01-23 20:50:54 [   DEBUG] mcp.server.lowlevel.server: Initializing server 'Test Gear Management'
2026-01-23 20:50:54 [   DEBUG] mcp.server.lowlevel.server: Registering handler for ListToolsRequest
2026-01-23 20:50:54 [   DEBUG] mcp.server.lowlevel.server: Registering handler for CallToolRequest
2026-01-23 20:50:54 [   DEBUG] mcp.server.lowlevel.server: Registering handler for ListResourcesRequest
2026-01-23 20:50:54 [   DEBUG] mcp.server.lowlevel.server: Registering handler for ReadResourceRequest
2026-01-23 20:50:54 [   DEBUG] mcp.server.lowlevel.server: Registering handler for PromptListRequest
2026-01-23 20:50:54 [   DEBUG] mcp.server.lowlevel.server: Registering handler for GetPromptRequest
2026-01-23 20:50:54 [   DEBUG] mcp.server.lowlevel.server: Registering handler for ListResourceTemplatesRequest
2026-01-23 20:50:54 [   DEBUG] asyncio: Using selector: EpollSelector
2026-01-23 20:50:54 [   DEBUG] mcp.server.lowlevel.server: Initializing server 'Test Gear Management'
2026-01-23 20:50:54 [   DEBUG] mcp.server.lowlevel.server: Registering handler for ListToolsRequest
2026-01-23 20:50:54 [   DEBUG] mcp.server.lowlevel.server: Registering handler for CallToolRequest
2026-01-23 20:50:54 [   DEBUG] mcp.server.lowlevel.server: Registering handler for ListResourcesRequest
2026-01-23 20:50:54 [   DEBUG] mcp.server.lowlevel.server: Registering handler for ReadResourceRequest
2026-01-23 20:50:54 [   DEBUG] mcp.server.lowlevel.server: Registering handler for PromptListRequest
2026-01-23 20:50:54 [   DEBUG] mcp.server.lowlevel.server: Registering handler for GetPromptRequest
2026-01-23 20:50:54 [   DEBUG] mcp.server.lowlevel.server: Registering handler for ListResourceTemplatesRequest
2026-01-23 20:50:54 [   DEBUG] asyncio: Using selector: EpollSelector
2026-01-23 20:50:54 [   DEBUG] mcp.server.lowlevel.server: Initializing server 'Test Gear Management'
2026-01-23 20:50:54 [   DEBUG] mcp.server.lowlevel.server: Registering handler for ListToolsRequest
2026-01-23 20:50:54 [   DEBUG] mcp.server.lowlevel.server: Registering handler for CallToolRequest
2026-01-23 20:50:54 [   DEBUG] mcp.server.lowlevel.server: Registering handler for ListResourcesRequest
2026-01-23 20:50:54 [   DEBUG] mcp.server.lowlevel.server: Registering handler for ReadResourceRequest
2026-01-23 20:50:54 [   DEBUG] mcp.server.lowlevel.server: Registering handler for PromptListRequest
2026-01-23 20:50:54 [   DEBUG] mcp.server.lowlevel.server: Registering handler for GetPromptRequest
2026-01-23 20:50:54 [   DEBUG] mcp.server.lowlevel.server: Registering handler for ListResourceTemplatesRequest
2026-01-23 20:50:54 [   DEBUG] asyncio: Using selector: EpollSelector
2026-01-23 20:50:54 [   DEBUG] mcp.server.lowlevel.server: Initializing server 'Test Womens Health'
2026-01-23 20:50:54 [   DEBUG] mcp.server.lowlevel.server: Registering handler for ListToolsRequest
2026-01-23 20:50:54 [   DEBUG] mcp.server.lowlevel.server: Registering handler for CallToolRequest
2026-01-23 20:50:54 [   DEBUG] mcp.server.lowlevel.server: Registering handler for ListResourcesRequest
2026-01-23 20:50:54 [   DEBUG] mcp.server.lowlevel.server: Registering handler for ReadResourceRequest
2026-01-23 20:50:54 [   DEBUG] mcp.server.lowlevel.server: Registering handler for PromptListRequest
2026-01-23 20:50:54 [   DEBUG] mcp.server.lowlevel.server: Registering handler for GetPromptRequest
2026-01-23 20:50:54 [   DEBUG] mcp.server.lowlevel.server: Registering handler for ListResourceTemplatesRequest
2026-01-23 20:50:54 [   DEBUG] asyncio: Using selector: EpollSelector
2026-01-23 20:50:54 [   DEBUG] mcp.server.lowlevel.server: Initializing server 'Test Womens Health'
2026-01-23 20:50:54 [   DEBUG] mcp.server.lowlevel.server: Registering handler for ListToolsRequest
2026-01-23 20:50:54 [   DEBUG] mcp.server.lowlevel.server: Registering handler for CallToolRequest
2026-01-23 20:50:54 [   DEBUG] mcp.server.lowlevel.server: Registering handler for ListResourcesRequest
2026-01-23 20:50:54 [   DEBUG] mcp.server.lowlevel.server: Registering handler for ReadResourceRequest
2026-01-23 20:50:54 [   DEBUG] mcp.server.lowlevel.server: Registering handler for PromptListRequest
2026-01-23 20:50:54 [   DEBUG] mcp.server.lowlevel.server: Registering handler for GetPromptRequest
2026-01-23 20:50:54 [   DEBUG] mcp.server.lowlevel.server: Registering handler for ListResourceTemplatesRequest
2026-01-23 20:50:54 [   DEBUG] asyncio: Using selector: EpollSelector
2026-01-23 20:50:54 [   DEBUG] mcp.server.lowlevel.server: Initializing server 'Test Womens Health'
2026-01-23 20:50:54 [   DEBUG] mcp.server.lowlevel.server: Registering handler for ListToolsRequest
2026-01-23 20:50:54 [   DEBUG] mcp.server.lowlevel.server: Registering handler for CallToolRequest
2026-01-23 20:50:54 [   DEBUG] mcp.server.lowlevel.server: Registering handler for ListResourcesRequest
2026-01-23 20:50:54 [   DEBUG] mcp.server.lowlevel.server: Registering handler for ReadResourceRequest
2026-01-23 20:50:54 [   DEBUG] mcp.server.lowlevel.server: Registering handler for PromptListRequest
2026-01-23 20:50:54 [   DEBUG] mcp.server.lowlevel.server: Registering handler for GetPromptRequest
2026-01-23 20:50:54 [   DEBUG] mcp.server.lowlevel.server: Registering handler for ListResourceTemplatesRequest
2026-01-23 20:50:54 [   DEBUG] asyncio: Using selector: EpollSelector
2026-01-23 20:50:54 [   DEBUG] mcp.server.lowlevel.server: Initializing server 'Test Training'
2026-01-23 20:50:54 [   DEBUG] mcp.server.lowlevel.server: Registering handler for ListToolsRequest
2026-01-23 20:50:54 [   DEBUG] mcp.server.lowlevel.server: Registering handler for CallToolRequest
2026-01-23 20:50:54 [   DEBUG] mcp.server.lowlevel.server: Registering handler for ListResourcesRequest
2026-01-23 20:50:54 [   DEBUG] mcp.server.lowlevel.server: Registering handler for ReadResourceRequest
2026-01-23 20:50:54 [   DEBUG] mcp.server.lowlevel.server: Registering handler for PromptListRequest
2026-01-23 20:50:54 [   DEBUG] mcp.server.lowlevel.server: Registering handler for GetPromptRequest
2026-01-23 20:50:54 [   DEBUG] mcp.server.lowlevel.server: Registering handler for ListResourceTemplatesRequest
2026-01-23 20:50:54 [   DEBUG] asyncio: Using selector: EpollSelector
2026-01-23 20:50:54 [   DEBUG] mcp.server.lowlevel.server: Initializing server 'Test Training'
2026-01-23 20:50:54 [   DEBUG] mcp.server.lowlevel.server: Registering handler for ListToolsRequest
2026-01-23 20:50:54 [   DEBUG] mcp.server.lowlevel.server: Registering handler for CallToolRequest
2026-01-23 20:50:54 [   DEBUG] mcp.server.lowlevel.server: Registering handler for ListResourcesRequest
2026-01-23 20:50:54 [   DEBUG] mcp.server.lowlevel.server: Registering handler for ReadResourceRequest
2026-01-23 20:50:54 [   DEBUG] mcp.server.lowlevel.server: Registering handler for PromptListRequest
2026-01-23 20:50:54 [   DEBUG] mcp.server.lowlevel.server: Registering handler for GetPromptRequest
2026-01-23 20:50:54 [   DEBUG] mcp.server.lowlevel.server: Registering handler for ListResourceTemplatesRequest
2026-01-23 20:50:54 [   DEBUG] asyncio: Using selector: EpollSelector
2026-01-23 20:50:54 [   DEBUG] mcp.server.lowlevel.server: Initializing server 'Test Training'
2026-01-23 20:50:54 [   DEBUG] mcp.server.lowlevel.server: Registering handler for ListToolsRequest
2026-01-23 20:50:54 [   DEBUG] mcp.server.lowlevel.server: Registering handler for CallToolRequest
2026-01-23 20:50:54 [   DEBUG] mcp.server.lowlevel.server: Registering handler for ListResourcesRequest
2026-01-23 20:50:54 [   DEBUG] mcp.server.lowlevel.server: Registering handler for ReadResourceRequest
2026-01-23 20:50:54 [   DEBUG] mcp.server.lowlevel.server: Registering handler for PromptListRequest
2026-01-23 20:50:54 [   DEBUG] mcp.server.lowlevel.server: Registering handler for GetPromptRequest
2026-01-23 20:50:54 [   DEBUG] mcp.server.lowlevel.server: Registering handler for ListResourceTemplatesRequest
2026-01-23 20:50:54 [   DEBUG] asyncio: Using selector: EpollSelector
2026-01-23 20:50:54 [   DEBUG] mcp.server.lowlevel.server: Initializing server 'Test Training'
2026-01-23 20:50:54 [   DEBUG] mcp.server.lowlevel.server: Registering handler for ListToolsRequest
2026-01-23 20:50:54 [   DEBUG] mcp.server.lowlevel.server: Registering handler for CallToolRequest
2026-01-23 20:50:54 [   DEBUG] mcp.server.lowlevel.server: Registering handler for ListResourcesRequest
2026-01-23 20:50:54 [   DEBUG] mcp.server.lowlevel.server: Registering handler for ReadResourceRequest
2026-01-23 20:50:54 [   DEBUG] mcp.server.lowlevel.server: Registering handler for PromptListRequest
2026-01-23 20:50:54 [   DEBUG] mcp.server.lowlevel.server: Registering handler for GetPromptRequest
2026-01-23 20:50:54 [   DEBUG] mcp.server.lowlevel.server: Registering handler for ListResourceTemplatesRequest
2026-01-23 20:50:54 [   DEBUG] asyncio: Using selector: EpollSelector
2026-01-23 20:50:54 [   DEBUG] mcp.server.lowlevel.server: Initializing server 'Test Training'
2026-01-23 20:50:54 [   DEBUG] mcp.server.lowlevel.server: Registering handler for ListToolsRequest
2026-01-23 20:50:54 [   DEBUG] mcp.server.lowlevel.server: Registering handler for CallToolRequest
2026-01-23 20:50:54 [   DEBUG] mcp.server.lowlevel.server: Registering handler for ListResourcesRequest
2026-01-23 20:50:54 [   DEBUG] mcp.server.lowlevel.server: Registering handler for ReadResourceRequest
2026-01-23 20:50:54 [   DEBUG] mcp.server.lowlevel.server: Registering handler for PromptListRequest
2026-01-23 20:50:54 [   DEBUG] mcp.server.lowlevel.server: Registering handler for GetPromptRequest
2026-01-23 20:50:54 [   DEBUG] mcp.server.lowlevel.server: Registering handler for ListResourceTemplatesRequest
2026-01-23 20:50:54 [   DEBUG] asyncio: Using selector: EpollSelector
2026-01-23 20:50:54 [   DEBUG] mcp.server.lowlevel.server: Initializing server 'Test Training'
2026-01-23 20:50:54 [   DEBUG] mcp.server.lowlevel.server: Registering handler for ListToolsRequest
2026-01-23 20:50:54 [   DEBUG] mcp.server.lowlevel.server: Registering handler for CallToolRequest
2026-01-23 20:50:54 [   DEBUG] mcp.server.lowlevel.server: Registering handler for ListResourcesRequest
2026-01-23 20:50:54 [   DEBUG] mcp.server.lowlevel.server: Registering handler for ReadResourceRequest
2026-01-23 20:50:54 [   DEBUG] mcp.server.lowlevel.server: Registering handler for PromptListRequest
2026-01-23 20:50:54 [   DEBUG] mcp.server.lowlevel.server: Registering handler for GetPromptRequest
2026-01-23 20:50:54 [   DEBUG] mcp.server.lowlevel.server: Registering handler for ListResourceTemplatesRequest
2026-01-23 20:50:54 [   DEBUG] asyncio: Using selector: EpollSelector
2026-01-23 20:50:54 [   DEBUG] mcp.server.lowlevel.server: Initializing server 'Test Training'
2026-01-23 20:50:54 [   DEBUG] mcp.server.lowlevel.server: Registering handler for ListToolsRequest
2026-01-23 20:50:54 [   DEBUG] mcp.server.lowlevel.server: Registering handler for CallToolRequest
2026-01-23 20:50:54 [   DEBUG] mcp.server.lowlevel.server: Registering handler for ListResourcesRequest
2026-01-23 20:50:54 [   DEBUG] mcp.server.lowlevel.server: Registering handler for ReadResourceRequest
2026-01-23 20:50:54 [   DEBUG] mcp.server.lowlevel.server: Registering handler for PromptListRequest
2026-01-23 20:50:54 [   DEBUG] mcp.server.lowlevel.server: Registering handler for GetPromptRequest
2026-01-23 20:50:54 [   DEBUG] mcp.server.lowlevel.server: Registering handler for ListResourceTemplatesRequest
2026-01-23 20:50:54 [   DEBUG] asyncio: Using selector: EpollSelector
2026-01-23 20:50:54 [   DEBUG] mcp.server.lowlevel.server: Initializing server 'Test Training'
2026-01-23 20:50:54 [   DEBUG] mcp.server.lowlevel.server: Registering handler for ListToolsRequest
2026-01-23 20:50:54 [   DEBUG] mcp.server.lowlevel.server: Registering handler for CallToolRequest
2026-01-23 20:50:54 [   DEBUG] mcp.server.lowlevel.server: Registering handler for ListResourcesRequest
2026-01-23 20:50:54 [   DEBUG] mcp.server.lowlevel.server: Registering handler for ReadResourceRequest
2026-01-23 20:50:54 [   DEBUG] mcp.server.lowlevel.server: Registering handler for PromptListRequest
2026-01-23 20:50:54 [   DEBUG] mcp.server.lowlevel.server: Registering handler for GetPromptRequest
2026-01-23 20:50:54 [   DEBUG] mcp.server.lowlevel.server: Registering handler for ListResourceTemplatesRequest
2026-01-23 20:50:54 [   DEBUG] asyncio: Using selector: EpollSelector
2026-01-23 20:50:54 [   DEBUG] mcp.server.lowlevel.server: Initializing server 'Test Training'
2026-01-23 20:50:54 [   DEBUG] mcp.server.lowlevel.server: Registering handler for ListToolsRequest
2026-01-23 20:50:54 [   DEBUG] mcp.server.lowlevel.server: Registering handler for CallToolRequest
2026-01-23 20:50:54 [   DEBUG] mcp.server.lowlevel.server: Registering handler for ListResourcesRequest
2026-01-23 20:50:54 [   DEBUG] mcp.server.lowlevel.server: Registering handler for ReadResourceRequest
2026-01-23 20:50:54 [   DEBUG] mcp.server.lowlevel.server: Registering handler for PromptListRequest
2026-01-23 20:50:54 [   DEBUG] mcp.server.lowlevel.server: Registering handler for GetPromptRequest
2026-01-23 20:50:54 [   DEBUG] mcp.server.lowlevel.server: Registering handler for ListResourceTemplatesRequest
2026-01-23 20:50:54 [   DEBUG] asyncio: Using selector: EpollSelector
2026-01-23 20:50:54 [   DEBUG] mcp.server.lowlevel.server: Initializing server 'Test Training'
2026-01-23 20:50:54 [   DEBUG] mcp.server.lowlevel.server: Registering handler for ListToolsRequest
2026-01-23 20:50:54 [   DEBUG] mcp.server.lowlevel.server: Registering handler for CallToolRequest
2026-01-23 20:50:54 [   DEBUG] mcp.server.lowlevel.server: Registering handler for ListResourcesRequest
2026-01-23 20:50:54 [   DEBUG] mcp.server.lowlevel.server: Registering handler for ReadResourceRequest
2026-01-23 20:50:54 [   DEBUG] mcp.server.lowlevel.server: Registering handler for PromptListRequest
2026-01-23 20:50:54 [   DEBUG] mcp.server.lowlevel.server: Registering handler for GetPromptRequest
2026-01-23 20:50:54 [   DEBUG] mcp.server.lowlevel.server: Registering handler for ListResourceTemplatesRequest
2026-01-23 20:50:54 [   DEBUG] asyncio: Using selector: EpollSelector
2026-01-23 20:50:54 [   DEBUG] mcp.server.lowlevel.server: Initializing server 'Test Workouts'
2026-01-23 20:50:54 [   DEBUG] mcp.server.lowlevel.server: Registering handler for ListToolsRequest
2026-01-23 20:50:54 [   DEBUG] mcp.server.lowlevel.server: Registering handler for CallToolRequest
2026-01-23 20:50:54 [   DEBUG] mcp.server.lowlevel.server: Registering handler for ListResourcesRequest
2026-01-23 20:50:54 [   DEBUG] mcp.server.lowlevel.server: Registering handler for ReadResourceRequest
2026-01-23 20:50:54 [   DEBUG] mcp.server.lowlevel.server: Registering handler for PromptListRequest
2026-01-23 20:50:54 [   DEBUG] mcp.server.lowlevel.server: Registering handler for GetPromptRequest
2026-01-23 20:50:54 [   DEBUG] mcp.server.lowlevel.server: Registering handler for ListResourceTemplatesRequest
2026-01-23 20:50:54 [   DEBUG] asyncio: Using selector: EpollSelector
2026-01-23 20:50:54 [   DEBUG] mcp.server.lowlevel.server: Initializing server 'Test Workouts'
2026-01-23 20:50:54 [   DEBUG] mcp.server.lowlevel.server: Registering handler for ListToolsRequest
2026-01-23 20:50:54 [   DEBUG] mcp.server.lowlevel.server: Registering handler for CallToolRequest
2026-01-23 20:50:54 [   DEBUG] mcp.server.lowlevel.server: Registering handler for ListResourcesRequest
2026-01-23 20:50:54 [   DEBUG] mcp.server.lowlevel.server: Registering handler for ReadResourceRequest
2026-01-23 20:50:54 [   DEBUG] mcp.server.lowlevel.server: Registering handler for PromptListRequest
2026-01-23 20:50:54 [   DEBUG] mcp.server.lowlevel.server: Registering handler for GetPromptRequest
2026-01-23 20:50:54 [   DEBUG] mcp.server.lowlevel.server: Registering handler for ListResourceTemplatesRequest
2026-01-23 20:50:54 [   DEBUG] asyncio: Using selector: EpollSelector
2026-01-23 20:50:54 [   DEBUG] mcp.server.lowlevel.server: Initializing server 'Test Workouts'
2026-01-23 20:50:54 [   DEBUG] mcp.server.lowlevel.server: Registering handler for ListToolsRequest
2026-01-23 20:50:54 [   DEBUG] mcp.server.lowlevel.server: Registering handler for CallToolRequest
2026-01-23 20:50:54 [   DEBUG] mcp.server.lowlevel.server: Registering handler for ListResourcesRequest
2026-01-23 20:50:54 [   DEBUG] mcp.server.lowlevel.server: Registering handler for ReadResourceRequest
2026-01-23 20:50:54 [   DEBUG] mcp.server.lowlevel.server: Registering handler for PromptListRequest
2026-01-23 20:50:54 [   DEBUG] mcp.server.lowlevel.server: Registering handler for GetPromptRequest
2026-01-23 20:50:54 [   DEBUG] mcp.server.lowlevel.server: Registering handler for ListResourceTemplatesRequest
2026-01-23 20:50:54 [   DEBUG] asyncio: Using selector: EpollSelector
2026-01-23 20:50:54 [   DEBUG] mcp.server.lowlevel.server: Initializing server 'Test Workouts'
2026-01-23 20:50:54 [   DEBUG] mcp.server.lowlevel.server: Registering handler for ListToolsRequest
2026-01-23 20:50:54 [   DEBUG] mcp.server.lowlevel.server: Registering handler for CallToolRequest
2026-01-23 20:50:54 [   DEBUG] mcp.server.lowlevel.server: Registering handler for ListResourcesRequest
2026-01-23 20:50:54 [   DEBUG] mcp.server.lowlevel.server: Registering handler for ReadResourceRequest
2026-01-23 20:50:54 [   DEBUG] mcp.server.lowlevel.server: Registering handler for PromptListRequest
2026-01-23 20:50:54 [   DEBUG] mcp.server.lowlevel.server: Registering handler for GetPromptRequest
2026-01-23 20:50:54 [   DEBUG] mcp.server.lowlevel.server: Registering handler for ListResourceTemplatesRequest
2026-01-23 20:50:54 [   DEBUG] asyncio: Using selector: EpollSelector
2026-01-23 20:50:54 [   DEBUG] mcp.server.lowlevel.server: Initializing server 'Test Workouts'
2026-01-23 20:50:54 [   DEBUG] mcp.server.lowlevel.server: Registering handler for ListToolsRequest
2026-01-23 20:50:54 [   DEBUG] mcp.server.lowlevel.server: Registering handler for CallToolRequest
2026-01-23 20:50:54 [   DEBUG] mcp.server.lowlevel.server: Registering handler for ListResourcesRequest
2026-01-23 20:50:54 [   DEBUG] mcp.server.lowlevel.server: Registering handler for ReadResourceRequest
2026-01-23 20:50:54 [   DEBUG] mcp.server.lowlevel.server: Registering handler for PromptListRequest
2026-01-23 20:50:54 [   DEBUG] mcp.server.lowlevel.server: Registering handler for GetPromptRequest
2026-01-23 20:50:54 [   DEBUG] mcp.server.lowlevel.server: Registering handler for ListResourceTemplatesRequest
2026-01-23 20:50:54 [   DEBUG] asyncio: Using selector: EpollSelector
2026-01-23 20:50:54 [   DEBUG] mcp.server.lowlevel.server: Initializing server 'Test Workouts'
2026-01-23 20:50:54 [   DEBUG] mcp.server.lowlevel.server: Registering handler for ListToolsRequest
2026-01-23 20:50:54 [   DEBUG] mcp.server.lowlevel.server: Registering handler for CallToolRequest
2026-01-23 20:50:54 [   DEBUG] mcp.server.lowlevel.server: Registering handler for ListResourcesRequest
2026-01-23 20:50:54 [   DEBUG] mcp.server.lowlevel.server: Registering handler for ReadResourceRequest
2026-01-23 20:50:54 [   DEBUG] mcp.server.lowlevel.server: Registering handler for PromptListRequest
2026-01-23 20:50:54 [   DEBUG] mcp.server.lowlevel.server: Registering handler for GetPromptRequest
2026-01-23 20:50:54 [   DEBUG] mcp.server.lowlevel.server: Registering handler for ListResourceTemplatesRequest
2026-01-23 20:50:54 [   DEBUG] asyncio: Using selector: EpollSelector
2026-01-23 20:50:54 [   DEBUG] mcp.server.lowlevel.server: Initializing server 'Test Workouts'
2026-01-23 20:50:54 [   DEBUG] mcp.server.lowlevel.server: Registering handler for ListToolsRequest
2026-01-23 20:50:54 [   DEBUG] mcp.server.lowlevel.server: Registering handler for CallToolRequest
2026-01-23 20:50:54 [   DEBUG] mcp.server.lowlevel.server: Registering handler for ListResourcesRequest
2026-01-23 20:50:54 [   DEBUG] mcp.server.lowlevel.server: Registering handler for ReadResourceRequest
2026-01-23 20:50:54 [   DEBUG] mcp.server.lowlevel.server: Registering handler for PromptListRequest
2026-01-23 20:50:54 [   DEBUG] mcp.server.lowlevel.server: Registering handler for GetPromptRequest
2026-01-23 20:50:54 [   DEBUG] mcp.server.lowlevel.server: Registering handler for ListResourceTemplatesRequest
2026-01-23 20:50:54 [   DEBUG] asyncio: Using selector: EpollSelector
2026-01-23 20:50:54 [   DEBUG] mcp.server.lowlevel.server: Initializing server 'Test Workouts'
2026-01-23 20:50:54 [   DEBUG] mcp.server.lowlevel.server: Registering handler for ListToolsRequest
2026-01-23 20:50:54 [   DEBUG] mcp.server.lowlevel.server: Registering handler for CallToolRequest
2026-01-23 20:50:54 [   DEBUG] mcp.server.lowlevel.server: Registering handler for ListResourcesRequest
2026-01-23 20:50:54 [   DEBUG] mcp.server.lowlevel.server: Registering handler for ReadResourceRequest
2026-01-23 20:50:54 [   DEBUG] mcp.server.lowlevel.server: Registering handler for PromptListRequest
2026-01-23 20:50:54 [   DEBUG] mcp.server.lowlevel.server: Registering handler for GetPromptRequest
2026-01-23 20:50:54 [   DEBUG] mcp.server.lowlevel.server: Registering handler for ListResourceTemplatesRequest
2026-01-23 20:50:54 [   DEBUG] asyncio: Using selector: EpollSelector
2026-01-23 20:50:54 [   DEBUG] mcp.server.lowlevel.server: Initializing server 'Test Workouts'
2026-01-23 20:50:54 [   DEBUG] mcp.server.lowlevel.server: Registering handler for ListToolsRequest
2026-01-23 20:50:54 [   DEBUG] mcp.server.lowlevel.server: Registering handler for CallToolRequest
2026-01-23 20:50:54 [   DEBUG] mcp.server.lowlevel.server: Registering handler for ListResourcesRequest
2026-01-23 20:50:54 [   DEBUG] mcp.server.lowlevel.server: Registering handler for ReadResourceRequest
2026-01-23 20:50:54 [   DEBUG] mcp.server.lowlevel.server: Registering handler for PromptListRequest
2026-01-23 20:50:54 [   DEBUG] mcp.server.lowlevel.server: Registering handler for GetPromptRequest
2026-01-23 20:50:54 [   DEBUG] mcp.server.lowlevel.server: Registering handler for ListResourceTemplatesRequest
2026-01-23 20:50:54 [   DEBUG] asyncio: Using selector: EpollSelector
